main.c:82:1:__io_putchar	16	static
main.c:88:6:Init_Timer	8	static
main.c:91:5:ReadButton	8	static
main.c:100:5:main	24	static
main.c:163:6:SystemClock_Config	104	static
main.c:215:13:MX_I2C1_Init	8	static
main.c:249:13:MX_I2S3_Init	8	static
main.c:283:13:MX_SPI1_Init	8	static
main.c:321:13:MX_TIM10_Init	8	static
main.c:352:13:MX_USART2_UART_Init	8	static
main.c:385:13:MX_GPIO_Init	56	static
main.c:473:6:HAL_TIM_PeriodElapsedCallback	16	static
main.c:485:6:Error_Handler	4	static,ignoring_inline_asm
