Archive member included to satisfy reference by file (symbol)

C:\Rhapsody\V60_RiC_InterruptDrivenFramework\idf\Arm_Cortex\oxf\libidf.a(RiCEvent.o)
                              Core/Src/Rhapsody/StopwatchPkg.o (RiCEvent_cleanup)
C:\Rhapsody\V60_RiC_InterruptDrivenFramework\idf\Arm_Cortex\oxf\libidf.a(RiCReactive.o)
                              Core/Src/Rhapsody/Button.o (RiCReactive_cleanup)
C:\Rhapsody\V60_RiC_InterruptDrivenFramework\idf\Arm_Cortex\oxf\libidf.a(RiCTimeout.o)
                              Core/Src/Rhapsody/Button.o (RiCTimeout_getTimeoutId)
C:\Rhapsody\V60_RiC_InterruptDrivenFramework\idf\Arm_Cortex\oxf\libidf.a(RiCStartBehaviorEvent.o)
                              C:\Rhapsody\V60_RiC_InterruptDrivenFramework\idf\Arm_Cortex\oxf\libidf.a(RiCReactive.o) (RiCStartBehaviorEvent_init)
C:\Rhapsody\V60_RiC_InterruptDrivenFramework\idf\Arm_Cortex\oxf\libidf.a(RiCTask.o)
                              C:\Rhapsody\V60_RiC_InterruptDrivenFramework\idf\Arm_Cortex\oxf\libidf.a(RiCReactive.o) (RiCTask_cancelEvents)
C:\Rhapsody\V60_RiC_InterruptDrivenFramework\idf\Arm_Cortex\oxf\libidf.a(RiCEvtQueue.o)
                              C:\Rhapsody\V60_RiC_InterruptDrivenFramework\idf\Arm_Cortex\oxf\libidf.a(RiCTask.o) (RiCEvtQueue_Init)
C:\Rhapsody\V60_RiC_InterruptDrivenFramework\idf\Arm_Cortex\oxf\libidf.a(MemAlloc.o)
                              Core/Src/Rhapsody/StopwatchPkg.o (RiCAllocator_getMemory)
C:\Rhapsody\V60_RiC_InterruptDrivenFramework\idf\Arm_Cortex\oxf\libidf.a(RiC_RPkg.o)
                              Core/Src/Rhapsody/StopwatchPkg.o (RiCMainTask)
C:\Rhapsody\V60_RiC_InterruptDrivenFramework\idf\Arm_Cortex\oxf\libidf.a(RiC_IdfP.o)
                              C:\Rhapsody\V60_RiC_InterruptDrivenFramework\idf\Arm_Cortex\oxf\libidf.a(RiCEvtQueue.o) (RiCEnterCriticalRegion)
C:\Rhapsody\V60_RiC_InterruptDrivenFramework\idf\Arm_Cortex\oxf\libidf.a(RiCTmManager.o)
                              C:\Rhapsody\V60_RiC_InterruptDrivenFramework\idf\Arm_Cortex\oxf\libidf.a(RiC_RPkg.o) (RiCTmManager_Init)
C:\Rhapsody\V60_RiC_InterruptDrivenFramework\idf\Arm_Cortex\oxf\libidf.a(RiCErrorManager.o)
                              C:\Rhapsody\V60_RiC_InterruptDrivenFramework\idf\Arm_Cortex\oxf\libidf.a(RiC_RPkg.o) (RiCErrorManager_Init)
C:\Rhapsody\V60_RiC_InterruptDrivenFramework\idf\Arm_Cortex\oxf\libidf.a(theMainTask.o)
                              C:\Rhapsody\V60_RiC_InterruptDrivenFramework\idf\Arm_Cortex\oxf\libidf.a(RiC_RPkg.o) (theMainTask_Init)
c:/st/stm32cubeide_1.6.0/stm32cubeide/plugins/com.st.stm32cube.ide.mcu.externaltools.gnu-tools-for-stm32.9-2020-q2-update.win32_1.5.0.202011040924/tools/bin/../lib/gcc/arm-none-eabi/9.3.1/../../../../arm-none-eabi/lib/thumb/v7e-m+fp/hard\libc_nano.a(lib_a-assert.o)
                              C:\Rhapsody\V60_RiC_InterruptDrivenFramework\idf\Arm_Cortex\oxf\libidf.a(RiCEvent.o) (__assert_func)
c:/st/stm32cubeide_1.6.0/stm32cubeide/plugins/com.st.stm32cube.ide.mcu.externaltools.gnu-tools-for-stm32.9-2020-q2-update.win32_1.5.0.202011040924/tools/bin/../lib/gcc/arm-none-eabi/9.3.1/../../../../arm-none-eabi/lib/thumb/v7e-m+fp/hard\libc_nano.a(lib_a-errno.o)
                              Core/Src/syscalls.o (__errno)
c:/st/stm32cubeide_1.6.0/stm32cubeide/plugins/com.st.stm32cube.ide.mcu.externaltools.gnu-tools-for-stm32.9-2020-q2-update.win32_1.5.0.202011040924/tools/bin/../lib/gcc/arm-none-eabi/9.3.1/../../../../arm-none-eabi/lib/thumb/v7e-m+fp/hard\libc_nano.a(lib_a-exit.o)
                              c:/st/stm32cubeide_1.6.0/stm32cubeide/plugins/com.st.stm32cube.ide.mcu.externaltools.gnu-tools-for-stm32.9-2020-q2-update.win32_1.5.0.202011040924/tools/bin/../lib/gcc/arm-none-eabi/9.3.1/../../../../arm-none-eabi/lib/thumb/v7e-m+fp/hard/crt0.o (exit)
c:/st/stm32cubeide_1.6.0/stm32cubeide/plugins/com.st.stm32cube.ide.mcu.externaltools.gnu-tools-for-stm32.9-2020-q2-update.win32_1.5.0.202011040924/tools/bin/../lib/gcc/arm-none-eabi/9.3.1/../../../../arm-none-eabi/lib/thumb/v7e-m+fp/hard\libc_nano.a(lib_a-fprintf.o)
                              c:/st/stm32cubeide_1.6.0/stm32cubeide/plugins/com.st.stm32cube.ide.mcu.externaltools.gnu-tools-for-stm32.9-2020-q2-update.win32_1.5.0.202011040924/tools/bin/../lib/gcc/arm-none-eabi/9.3.1/../../../../arm-none-eabi/lib/thumb/v7e-m+fp/hard\libc_nano.a(lib_a-assert.o) (fiprintf)
c:/st/stm32cubeide_1.6.0/stm32cubeide/plugins/com.st.stm32cube.ide.mcu.externaltools.gnu-tools-for-stm32.9-2020-q2-update.win32_1.5.0.202011040924/tools/bin/../lib/gcc/arm-none-eabi/9.3.1/../../../../arm-none-eabi/lib/thumb/v7e-m+fp/hard\libc_nano.a(lib_a-impure.o)
                              c:/st/stm32cubeide_1.6.0/stm32cubeide/plugins/com.st.stm32cube.ide.mcu.externaltools.gnu-tools-for-stm32.9-2020-q2-update.win32_1.5.0.202011040924/tools/bin/../lib/gcc/arm-none-eabi/9.3.1/../../../../arm-none-eabi/lib/thumb/v7e-m+fp/hard\libc_nano.a(lib_a-exit.o) (_global_impure_ptr)
[...]
Memory Configuration

Name             Origin             Length             Attributes
CCMRAM           0x0000000010000000 0x0000000000010000 xrw
RAM              0x0000000020000000 0x0000000000020000 xrw
FLASH            0x0000000008000000 0x0000000000100000 xr
*default*        0x0000000000000000 0xffffffffffffffff

Linker script and memory map

LOAD c:/st/stm32cubeide_1.6.0/stm32cubeide/plugins/com.st.stm32cube.ide.mcu.externaltools.gnu-tools-for-stm32.9-2020-q2-update.win32_1.5.0.202011040924/tools/bin/../lib/gcc/arm-none-eabi/9.3.1/thumb/v7e-m+fp/hard/crti.o
LOAD c:/st/stm32cubeide_1.6.0/stm32cubeide/plugins/com.st.stm32cube.ide.mcu.externaltools.gnu-tools-for-stm32.9-2020-q2-update.win32_1.5.0.202011040924/tools/bin/../lib/gcc/arm-none-eabi/9.3.1/thumb/v7e-m+fp/hard/crtbegin.o
LOAD c:/st/stm32cubeide_1.6.0/stm32cubeide/plugins/com.st.stm32cube.ide.mcu.externaltools.gnu-tools-for-stm32.9-2020-q2-update.win32_1.5.0.202011040924/tools/bin/../lib/gcc/arm-none-eabi/9.3.1/../../../../arm-none-eabi/lib/thumb/v7e-m+fp/hard/crt0.o
LOAD Core/Src/Rhapsody/Button.o
LOAD Core/Src/Rhapsody/Display.o
LOAD Core/Src/Rhapsody/MainStopwatchTest.o
LOAD Core/Src/Rhapsody/PushSwitch.o
LOAD Core/Src/Rhapsody/StopwatchPkg.o
LOAD Core/Src/Rhapsody/Timer.o
LOAD Core/Src/fonts.o
LOAD Core/Src/main.o
LOAD Core/Src/ssd1306.o
LOAD Core/Src/stm32f4xx_hal_msp.o
LOAD Core/Src/stm32f4xx_it.o
LOAD Core/Src/syscalls.o
LOAD Core/Src/sysmem.o
LOAD Core/Src/system_stm32f4xx.o
LOAD Core/Startup/startup_stm32f407vgtx.o
LOAD Drivers/STM32F4xx_HAL_Driver/Src/stm32f4xx_hal.o
LOAD Drivers/STM32F4xx_HAL_Driver/Src/stm32f4xx_hal_cortex.o
LOAD Drivers/STM32F4xx_HAL_Driver/Src/stm32f4xx_hal_dma.o
LOAD Drivers/STM32F4xx_HAL_Driver/Src/stm32f4xx_hal_dma_ex.o
LOAD Drivers/STM32F4xx_HAL_Driver/Src/stm32f4xx_hal_exti.o
LOAD Drivers/STM32F4xx_HAL_Driver/Src/stm32f4xx_hal_flash.o
LOAD Drivers/STM32F4xx_HAL_Driver/Src/stm32f4xx_hal_flash_ex.o
LOAD Drivers/STM32F4xx_HAL_Driver/Src/stm32f4xx_hal_flash_ramfunc.o
LOAD Drivers/STM32F4xx_HAL_Driver/Src/stm32f4xx_hal_gpio.o
LOAD Drivers/STM32F4xx_HAL_Driver/Src/stm32f4xx_hal_hcd.o
LOAD Drivers/STM32F4xx_HAL_Driver/Src/stm32f4xx_hal_i2c.o
LOAD Drivers/STM32F4xx_HAL_Driver/Src/stm32f4xx_hal_i2c_ex.o
LOAD Drivers/STM32F4xx_HAL_Driver/Src/stm32f4xx_hal_i2s.o
LOAD Drivers/STM32F4xx_HAL_Driver/Src/stm32f4xx_hal_i2s_ex.o
LOAD Drivers/STM32F4xx_HAL_Driver/Src/stm32f4xx_hal_pwr.o
LOAD Drivers/STM32F4xx_HAL_Driver/Src/stm32f4xx_hal_pwr_ex.o
LOAD Drivers/STM32F4xx_HAL_Driver/Src/stm32f4xx_hal_rcc.o
LOAD Drivers/STM32F4xx_HAL_Driver/Src/stm32f4xx_hal_rcc_ex.o
LOAD Drivers/STM32F4xx_HAL_Driver/Src/stm32f4xx_hal_spi.o
LOAD Drivers/STM32F4xx_HAL_Driver/Src/stm32f4xx_hal_tim.o
LOAD Drivers/STM32F4xx_HAL_Driver/Src/stm32f4xx_hal_tim_ex.o
LOAD Drivers/STM32F4xx_HAL_Driver/Src/stm32f4xx_hal_uart.o
LOAD Drivers/STM32F4xx_HAL_Driver/Src/stm32f4xx_ll_usb.o
LOAD Middlewares/ST/STM32_USB_Host_Library/Class/CDC/Src/usbh_cdc.o
LOAD Middlewares/ST/STM32_USB_Host_Library/Core/Src/usbh_core.o
LOAD Middlewares/ST/STM32_USB_Host_Library/Core/Src/usbh_ctlreq.o
LOAD Middlewares/ST/STM32_USB_Host_Library/Core/Src/usbh_ioreq.o
LOAD Middlewares/ST/STM32_USB_Host_Library/Core/Src/usbh_pipes.o
LOAD USB_HOST/App/usb_host.o
LOAD USB_HOST/Target/usbh_conf.o
LOAD USB_HOST/Target/usbh_platform.o
LOAD C:\Rhapsody\V60_RiC_InterruptDrivenFramework\idf\Arm_Cortex\oxf\libidf.a
START GROUP
LOAD C:\Rhapsody\V60_RiC_InterruptDrivenFramework\idf\Arm_Cortex\oxf\libidf.a
END GROUP
START GROUP
LOAD c:/st/stm32cubeide_1.6.0/stm32cubeide/plugins/com.st.stm32cube.ide.mcu.externaltools.gnu-tools-for-stm32.9-2020-q2-update.win32_1.5.0.202011040924/tools/bin/../lib/gcc/arm-none-eabi/9.3.1/../../../../arm-none-eabi/lib/thumb/v7e-m+fp/hard\libc_nano.a
LOAD c:/st/stm32cubeide_1.6.0/stm32cubeide/plugins/com.st.stm32cube.ide.mcu.externaltools.gnu-tools-for-stm32.9-2020-q2-update.win32_1.5.0.202011040924/tools/bin/../lib/gcc/arm-none-eabi/9.3.1/../../../../arm-none-eabi/lib/thumb/v7e-m+fp/hard\libm.a
END GROUP
START GROUP
LOAD c:/st/stm32cubeide_1.6.0/stm32cubeide/plugins/com.st.stm32cube.ide.mcu.externaltools.gnu-tools-for-stm32.9-2020-q2-update.win32_1.5.0.202011040924/tools/bin/../lib/gcc/arm-none-eabi/9.3.1/thumb/v7e-m+fp/hard\libgcc.a
LOAD c:/st/stm32cubeide_1.6.0/stm32cubeide/plugins/com.st.stm32cube.ide.mcu.externaltools.gnu-tools-for-stm32.9-2020-q2-update.win32_1.5.0.202011040924/tools/bin/../lib/gcc/arm-none-eabi/9.3.1/../../../../arm-none-eabi/lib/thumb/v7e-m+fp/hard\libc_nano.a
END GROUP
START GROUP
LOAD c:/st/stm32cubeide_1.6.0/stm32cubeide/plugins/com.st.stm32cube.ide.mcu.externaltools.gnu-tools-for-stm32.9-2020-q2-update.win32_1.5.0.202011040924/tools/bin/../lib/gcc/arm-none-eabi/9.3.1/thumb/v7e-m+fp/hard\libgcc.a
LOAD c:/st/stm32cubeide_1.6.0/stm32cubeide/plugins/com.st.stm32cube.ide.mcu.externaltools.gnu-tools-for-stm32.9-2020-q2-update.win32_1.5.0.202011040924/tools/bin/../lib/gcc/arm-none-eabi/9.3.1/../../../../arm-none-eabi/lib/thumb/v7e-m+fp/hard\libc_nano.a
LOAD c:/st/stm32cubeide_1.6.0/stm32cubeide/plugins/com.st.stm32cube.ide.mcu.externaltools.gnu-tools-for-stm32.9-2020-q2-update.win32_1.5.0.202011040924/tools/bin/../lib/gcc/arm-none-eabi/9.3.1/../../../../arm-none-eabi/lib/thumb/v7e-m+fp/hard\libnosys.a
END GROUP
START GROUP
LOAD c:/st/stm32cubeide_1.6.0/stm32cubeide/plugins/com.st.stm32cube.ide.mcu.externaltools.gnu-tools-for-stm32.9-2020-q2-update.win32_1.5.0.202011040924/tools/bin/../lib/gcc/arm-none-eabi/9.3.1/thumb/v7e-m+fp/hard\libgcc.a
LOAD c:/st/stm32cubeide_1.6.0/stm32cubeide/plugins/com.st.stm32cube.ide.mcu.externaltools.gnu-tools-for-stm32.9-2020-q2-update.win32_1.5.0.202011040924/tools/bin/../lib/gcc/arm-none-eabi/9.3.1/../../../../arm-none-eabi/lib/thumb/v7e-m+fp/hard\libc_nano.a
LOAD c:/st/stm32cubeide_1.6.0/stm32cubeide/plugins/com.st.stm32cube.ide.mcu.externaltools.gnu-tools-for-stm32.9-2020-q2-update.win32_1.5.0.202011040924/tools/bin/../lib/gcc/arm-none-eabi/9.3.1/../../../../arm-none-eabi/lib/thumb/v7e-m+fp/hard\libnosys.a
END GROUP
LOAD c:/st/stm32cubeide_1.6.0/stm32cubeide/plugins/com.st.stm32cube.ide.mcu.externaltools.gnu-tools-for-stm32.9-2020-q2-update.win32_1.5.0.202011040924/tools/bin/../lib/gcc/arm-none-eabi/9.3.1/thumb/v7e-m+fp/hard/crtend.o
LOAD c:/st/stm32cubeide_1.6.0/stm32cubeide/plugins/com.st.stm32cube.ide.mcu.externaltools.gnu-tools-for-stm32.9-2020-q2-update.win32_1.5.0.202011040924/tools/bin/../lib/gcc/arm-none-eabi/9.3.1/thumb/v7e-m+fp/hard/crtn.o
                0x0000000020020000                _estack = (ORIGIN (RAM) + LENGTH (RAM))
                0x0000000000000200                _Min_Heap_Size = 0x200
                0x0000000000000400                _Min_Stack_Size = 0x400

.isr_vector     0x0000000008000000      0x188
                0x0000000008000000                . = ALIGN (0x4)
 *(.isr_vector)
 .isr_vector    0x0000000008000000      0x188 Core/Startup/startup_stm32f407vgtx.o
                0x0000000008000000                g_pfnVectors
                0x0000000008000188                . = ALIGN (0x4)

.text           0x0000000008000190     0xd0a0
                0x0000000008000190                . = ALIGN (0x4)
 *(.text)
 .text          0x0000000008000190       0x40 c:/st/stm32cubeide_1.6.0/stm32cubeide/plugins/com.st.stm32cube.ide.mcu.externaltools.gnu-tools-for-stm32.9-2020-q2-update.win32_1.5.0.202011040924/tools/bin/../lib/gcc/arm-none-eabi/9.3.1/thumb/v7e-m+fp/hard/crtbegin.o
 .text          0x00000000080001d0      0x2a4 C:\Rhapsody\V60_RiC_InterruptDrivenFramework\idf\Arm_Cortex\oxf\libidf.a(RiCEvent.o)
                0x00000000080001d0                RiCEvent_Init
                0x00000000080001fc                RiCEvent_Cleanup
                0x0000000008000230                RiCEvent_cleanup
                0x0000000008000274                RiCEvent_destroy
                0x00000000080002c8                RiCEvent_getDestination
                0x0000000008000304                RiCEvent_getlId
                0x0000000008000344                RiCEvent_init
                0x0000000008000390                RiCEvent_isDeleteAfterConsume
                0x00000000080003c4                RiCEvent_isTimeout
                0x000000000800041c                RiCEvent_setDestination
                0x0000000008000438                RiCEvent_setLId
                0x0000000008000456                RiCEvent_setDeleteAfterConsume
 .text          0x0000000008000474      0x7d0 C:\Rhapsody\V60_RiC_InterruptDrivenFramework\idf\Arm_Cortex\oxf\libidf.a(RiCReactive.o)
                0x0000000008000474                RiCReactive_Init
                0x00000000080004cc                RiCReactive_cleanup
                0x0000000008000518                RiCReactive_destroy
                0x000000000800053a                RiCReactive_gen
                0x000000000800059c                RiCReactive_init
                0x00000000080005be                RiCReactive_popNullConfig
                0x00000000080005fc                RiCReactive_pushNullConfig
                0x000000000800063c                RiCReactive_setActive
                0x0000000008000660                RiCReactive_setShouldDelete
                0x00000000080006bc                RiCReactive_setTask
                0x0000000008000720                RiCReactive_startBehavior
                0x00000000080007f8                RiCReactive_takeEvent
                0x0000000008000888                RiCReactive_takeTrigger
                0x00000000080008c4                RiCReactive_terminate
 .text          0x0000000008000c44      0x18a C:\Rhapsody\V60_RiC_InterruptDrivenFramework\idf\Arm_Cortex\oxf\libidf.a(RiCTimeout.o)
                0x0000000008000c44                RiCTimeout_Init
                0x0000000008000c7e                RiCTimeout_Cleanup
                0x0000000008000c94                RiCTimeout_isExpired
                0x0000000008000cba                RiCTimeout_getDestination
                0x0000000008000cd2                RiCTimeout_setDestination
                0x0000000008000cee                RiCTimeout_setLId
                0x0000000008000d0c                RiCTimeout_getTimeoutId
                0x0000000008000d26                RiCTimeout_setTimeoutId
                0x0000000008000d44                RiCTimeout_getDeliveryTicks
                0x0000000008000d5c                RiCTimeout_setDeliveryTicks
                0x0000000008000d78                RiCTimeout_getItsNextTimeout
                0x0000000008000d90                RiCTimeout_setItsNextTimeout
 *fill*         0x0000000008000dce        0x2 
 .text          0x0000000008000dd0       0xb4 C:\Rhapsody\V60_RiC_InterruptDrivenFramework\idf\Arm_Cortex\oxf\libidf.a(RiCStartBehaviorEvent.o)
                0x0000000008000dd0                RiCStartBehaviorEvent_Init
                0x0000000008000de6                RiCStartBehaviorEvent_Cleanup
                0x0000000008000dfc                RiCStartBehaviorEvent_init
                0x0000000008000e48                RiCStartBehaviorEvent_setDestination
                0x0000000008000e64                RiCStartBehaviorEvent_setLId
 .text          0x0000000008000e84      0x1c4 C:\Rhapsody\V60_RiC_InterruptDrivenFramework\idf\Arm_Cortex\oxf\libidf.a(RiCTask.o)
                0x0000000008000e84                RiCTask_Init
                0x0000000008000eac                RiCTask_Cleanup
                0x0000000008000ec2                RiCTask_cancelEvents
                0x0000000008000ef2                RiCTask_cleanup
                0x0000000008000f06                RiCTask_getPriority
                0x0000000008000f1e                RiCTask_queueEvent
                0x0000000008000f48                RiCTask_schedTm
                0x0000000008000f6e                RiCTask_setPriority
                0x0000000008000f84                RiCTask_start
                0x0000000008000f98                RiCTask_unschedTm
                0x0000000008000fba                RiCTask_getItsRiCEvtQueue
                0x0000000008000fd2                RiCTask_getNext
                0x0000000008000fea                RiCTask_setNext
 .text          0x0000000008001048      0x388 C:\Rhapsody\V60_RiC_InterruptDrivenFramework\idf\Arm_Cortex\oxf\libidf.a(RiCEvtQueue.o)
                0x0000000008001048                RiCEvtQueue_Init
                0x0000000008001094                RiCEvtQueue_Cleanup
                0x00000000080010aa                RiCEvtQueue_cancelEvents
                0x0000000008001152                RiCEvtQueue_get
                0x00000000080011d0                RiCEvtQueue_isEmpty
                0x00000000080011f2                RiCEvtQueue_isFull
                0x0000000008001214                RiCEvtQueue_put
                0x0000000008001294                RiCEvtQueue_usage
                0x00000000080012e0                RiCEvtQueue_getItsEvent
                0x00000000080012fa                RiCEvtQueue_addItsEvent
                0x0000000008001340                RiCEvtQueue_removeItsEvent
                0x0000000008001386                RiCEvtQueue_clearItsEvent
 .text          0x00000000080013d0      0x484 C:\Rhapsody\V60_RiC_InterruptDrivenFramework\idf\Arm_Cortex\oxf\libidf.a(MemAlloc.o)
                0x00000000080013d0                RiC_MemoryAllocationPkg_OMInitializer_Init
                0x00000000080013dc                RiC_MemoryAllocationPkg_OMInitializer_Cleanup
                0x00000000080013ea                RiC_MemoryAllocationPkg_initRelations
                0x0000000008001444                RiCAllocator_Init
                0x0000000008001468                RiCAllocator_Cleanup
                0x0000000008001474                RiCAllocator_getMemory
                0x00000000080014dc                RiCAllocator_returnMemory
                0x0000000008001544                RiCAllocator_usage
                0x0000000008001570                RiCAllocator_getItsLargePool
                0x0000000008001588                RiCAllocator_setItsLargePool
                0x00000000080015a8                RiCAllocator_getItsMediumPool
                0x00000000080015c0                RiCAllocator_setItsMediumPool
                0x00000000080015e0                RiCAllocator_getItsSmallPool
                0x00000000080015f8                RiCAllocator_setItsSmallPool
                0x0000000008001654                RiCMemoryPool_Init
                0x00000000080016c6                RiCMemoryPool_Cleanup
                0x00000000080016e0                RiCMemoryPool_getMemory
                0x0000000008001774                RiCMemoryPool_returnMemory
                0x0000000008001800                RiCMemoryPool_usage
 .text          0x0000000008001854       0x68 C:\Rhapsody\V60_RiC_InterruptDrivenFramework\idf\Arm_Cortex\oxf\libidf.a(RiC_RPkg.o)
                0x0000000008001854                RiC_RPkg_OMInitializer_Init
                0x0000000008001860                RiC_RPkg_OMInitializer_Cleanup
                0x000000000800186e                RiCMainTask
                0x000000000800187c                RiCTicksToTime
                0x0000000008001892                RiCTimeToTicks
                0x00000000080018a8                RiC_RPkg_initRelations
 .text          0x00000000080018bc      0x150 C:\Rhapsody\V60_RiC_InterruptDrivenFramework\idf\Arm_Cortex\oxf\libidf.a(RiC_IdfP.o)
                0x00000000080018bc                RiCEnterCriticalRegion
                0x00000000080018ca                RiCExitCriticalRegion
                0x00000000080018d8                RiCGetSystemTick
                0x00000000080018f0                RiCInitTimer
                0x00000000080018fc                RiCNotifyToOutput
                0x0000000008001920                RiCOXFInit
                0x0000000008001972                RiCOXFSchedule
                0x000000000800197e                RiCOXFStart
                0x0000000008001994                RiCOXF_pre71Settings
                0x00000000080019a2                RiCSleep
                0x00000000080019b6                RiCTick
                0x00000000080019d4                RiCTickThread
                0x00000000080019de                RiCUsage
 .text          0x0000000008001a0c      0x36c C:\Rhapsody\V60_RiC_InterruptDrivenFramework\idf\Arm_Cortex\oxf\libidf.a(RiCTmManager.o)
                0x0000000008001a0c                RiCTmManager_Init
                0x0000000008001a88                RiCTmManager_add
                0x0000000008001b2c                RiCTmManager_cancelEvents
                0x0000000008001bb8                RiCTmManager_getExpiredTimeout
                0x0000000008001c8c                RiCTmManager_putBack
                0x0000000008001cbc                RiCTmManager_remove
                0x0000000008001d58                RiCTmManager_usage
 .text          0x0000000008001d78      0x184 C:\Rhapsody\V60_RiC_InterruptDrivenFramework\idf\Arm_Cortex\oxf\libidf.a(RiCErrorManager.o)
                0x0000000008001d78                RiCErrorManager_Init
                0x0000000008001d98                RiCErrorManager_log
                0x0000000008001de0                RiCErrorManager_usage
 .text          0x0000000008001efc      0x210 C:\Rhapsody\V60_RiC_InterruptDrivenFramework\idf\Arm_Cortex\oxf\libidf.a(theMainTask.o)
                0x0000000008001efc                theMainTask_Init
                0x0000000008001f14                theMainTask_Cleanup
                0x0000000008001f22                theMainTask_execute
                0x0000000008001f40                theMainTask_schedTm
                0x0000000008001f64                theMainTask_schedule
                0x0000000008002074                theMainTask_unschedTm
                0x00000000080020c2                theMainTask_getHead
                0x00000000080020d8                theMainTask_setHead
                0x00000000080020f8                theMainTask_getItsRiCTask
 *fill*         0x000000000800210c        0x4 
 .text          0x0000000008002110       0xa0 c:/st/stm32cubeide_1.6.0/stm32cubeide/plugins/com.st.stm32cube.ide.mcu.externaltools.gnu-tools-for-stm32.9-2020-q2-update.win32_1.5.0.202011040924/tools/bin/../lib/gcc/arm-none-eabi/9.3.1/../../../../arm-none-eabi/lib/thumb/v7e-m+fp/hard\libc_nano.a(lib_a-memchr.o)
                0x0000000008002110                memchr
 .text          0x00000000080021b0       0x30 c:/st/stm32cubeide_1.6.0/stm32cubeide/plugins/com.st.stm32cube.ide.mcu.externaltools.gnu-tools-for-stm32.9-2020-q2-update.win32_1.5.0.202011040924/tools/bin/../lib/gcc/arm-none-eabi/9.3.1/thumb/v7e-m+fp/hard\libgcc.a(_aeabi_uldivmod.o)
                0x00000000080021b0                __aeabi_uldivmod
 .text          0x00000000080021e0      0x2c4 c:/st/stm32cubeide_1.6.0/stm32cubeide/plugins/com.st.stm32cube.ide.mcu.externaltools.gnu-tools-for-stm32.9-2020-q2-update.win32_1.5.0.202011040924/tools/bin/../lib/gcc/arm-none-eabi/9.3.1/thumb/v7e-m+fp/hard\libgcc.a(_udivmoddi4.o)
                0x00000000080021e0                __udivmoddi4
 .text          0x00000000080024a4        0x4 c:/st/stm32cubeide_1.6.0/stm32cubeide/plugins/com.st.stm32cube.ide.mcu.externaltools.gnu-tools-for-stm32.9-2020-q2-update.win32_1.5.0.202011040924/tools/bin/../lib/gcc/arm-none-eabi/9.3.1/thumb/v7e-m+fp/hard\libgcc.a(_dvmd_tls.o)
                0x00000000080024a4                __aeabi_idiv0
                0x00000000080024a4                __aeabi_ldiv0
 *(.text*)
 .text.Button_Init
                0x00000000080024a8       0x38 Core/Src/Rhapsody/Button.o
                0x00000000080024a8                Button_Init
 .text.Button_startBehavior
                0x00000000080024e0       0x22 Core/Src/Rhapsody/Button.o
                0x00000000080024e0                Button_startBehavior
 .text.initStatechart
                0x0000000008002502       0x2c Core/Src/Rhapsody/Button.o
 .text.Button_setItsTimer
                0x000000000800252e       0x1c Core/Src/Rhapsody/Button.o
                0x000000000800252e                Button_setItsTimer
 .text.Button_held_exit
                0x000000000800254a       0x3e Core/Src/Rhapsody/Button.o
                0x000000000800254a                Button_held_exit
 .text.Button_held_takeEvent
                0x0000000008002588       0x6c Core/Src/Rhapsody/Button.o
                0x0000000008002588                Button_held_takeEvent
 .text.rootState_entDef
                0x00000000080025f4       0x2e Core/Src/Rhapsody/Button.o
 .text.rootState_dispatchEvent
                0x0000000008002622      0x11e Core/Src/Rhapsody/Button.o
 .text.held_entDef
                0x0000000008002740       0x72 Core/Src/Rhapsody/Button.o
 .text.Display_Init
                0x00000000080027b2       0x14 Core/Src/Rhapsody/Display.o
                0x00000000080027b2                Display_Init
 *fill*         0x00000000080027c6        0x2 
 .text.Display_print
                0x00000000080027c8       0x60 Core/Src/Rhapsody/Display.o
                0x00000000080027c8                Display_print
 .text.StopwatchTest_Init
                0x0000000008002828       0x10 Core/Src/Rhapsody/MainStopwatchTest.o
                0x0000000008002828                StopwatchTest_Init
 .text.StopwatchTest_Cleanup
                0x0000000008002838        0xc Core/Src/Rhapsody/MainStopwatchTest.o
                0x0000000008002838                StopwatchTest_Cleanup
 .text.Cortex_main
                0x0000000008002844       0x54 Core/Src/Rhapsody/MainStopwatchTest.o
                0x0000000008002844                Cortex_main
 .text.PushSwitch_Init
                0x0000000008002898       0x38 Core/Src/Rhapsody/PushSwitch.o
                0x0000000008002898                PushSwitch_Init
 .text.PushSwitch_setItsButton
                0x00000000080028d0       0x1c Core/Src/Rhapsody/PushSwitch.o
                0x00000000080028d0                PushSwitch_setItsButton
 .text.PushSwitch_startBehavior
                0x00000000080028ec       0x22 Core/Src/Rhapsody/PushSwitch.o
                0x00000000080028ec                PushSwitch_startBehavior
 .text.initStatechart
                0x000000000800290e       0x24 Core/Src/Rhapsody/PushSwitch.o
 .text.rootState_entDef
                0x0000000008002932       0x5e Core/Src/Rhapsody/PushSwitch.o
 .text.rootState_dispatchEvent
                0x0000000008002990       0x9e Core/Src/Rhapsody/PushSwitch.o
 .text.StopwatchPkg_OMInitializer_Cleanup
                0x0000000008002a2e        0xe Core/Src/Rhapsody/StopwatchPkg.o
                0x0000000008002a2e                StopwatchPkg_OMInitializer_Cleanup
 .text.StopwatchPkg_initRelations
                0x0000000008002a3c       0x60 Core/Src/Rhapsody/StopwatchPkg.o
                0x0000000008002a3c                StopwatchPkg_initRelations
 .text.StopwatchPkg_startBehavior
                0x0000000008002a9c       0x50 Core/Src/Rhapsody/StopwatchPkg.o
                0x0000000008002a9c                StopwatchPkg_startBehavior
 .text.evPress_Init
                0x0000000008002aec       0x28 Core/Src/Rhapsody/StopwatchPkg.o
                0x0000000008002aec                evPress_Init
 .text.evPress_Cleanup
                0x0000000008002b14       0x18 Core/Src/Rhapsody/StopwatchPkg.o
                0x0000000008002b14                evPress_Cleanup
 .text.RiC_Create_evPress
                0x0000000008002b2c       0x24 Core/Src/Rhapsody/StopwatchPkg.o
                0x0000000008002b2c                RiC_Create_evPress
 .text.RiC_Destroy_evPress
                0x0000000008002b50       0x24 Core/Src/Rhapsody/StopwatchPkg.o
                0x0000000008002b50                RiC_Destroy_evPress
 .text.evStartStop_Init
                0x0000000008002b74       0x28 Core/Src/Rhapsody/StopwatchPkg.o
                0x0000000008002b74                evStartStop_Init
 .text.evStartStop_Cleanup
                0x0000000008002b9c       0x18 Core/Src/Rhapsody/StopwatchPkg.o
                0x0000000008002b9c                evStartStop_Cleanup
 .text.RiC_Create_evStartStop
                0x0000000008002bb4       0x24 Core/Src/Rhapsody/StopwatchPkg.o
                0x0000000008002bb4                RiC_Create_evStartStop
 .text.RiC_Destroy_evStartStop
                0x0000000008002bd8       0x24 Core/Src/Rhapsody/StopwatchPkg.o
                0x0000000008002bd8                RiC_Destroy_evStartStop
 .text.evReset_Init
                0x0000000008002bfc       0x28 Core/Src/Rhapsody/StopwatchPkg.o
                0x0000000008002bfc                evReset_Init
 .text.evReset_Cleanup
                0x0000000008002c24       0x18 Core/Src/Rhapsody/StopwatchPkg.o
                0x0000000008002c24                evReset_Cleanup
 .text.RiC_Create_evReset
                0x0000000008002c3c       0x24 Core/Src/Rhapsody/StopwatchPkg.o
                0x0000000008002c3c                RiC_Create_evReset
 .text.RiC_Destroy_evReset
                0x0000000008002c60       0x24 Core/Src/Rhapsody/StopwatchPkg.o
                0x0000000008002c60                RiC_Destroy_evReset
 .text.evRelease_Init
                0x0000000008002c84       0x28 Core/Src/Rhapsody/StopwatchPkg.o
                0x0000000008002c84                evRelease_Init
 .text.evRelease_Cleanup
                0x0000000008002cac       0x18 Core/Src/Rhapsody/StopwatchPkg.o
                0x0000000008002cac                evRelease_Cleanup
 .text.RiC_Create_evRelease
                0x0000000008002cc4       0x24 Core/Src/Rhapsody/StopwatchPkg.o
                0x0000000008002cc4                RiC_Create_evRelease
 .text.RiC_Destroy_evRelease
                0x0000000008002ce8       0x24 Core/Src/Rhapsody/StopwatchPkg.o
                0x0000000008002ce8                RiC_Destroy_evRelease
 .text.print    0x0000000008002d0c       0x22 Core/Src/Rhapsody/Timer.o
 .text.reset    0x0000000008002d2e       0x20 Core/Src/Rhapsody/Timer.o
 .text.tick     0x0000000008002d4e       0x36 Core/Src/Rhapsody/Timer.o
 .text.Timer_Init
                0x0000000008002d84       0x44 Core/Src/Rhapsody/Timer.o
                0x0000000008002d84                Timer_Init
 .text.Timer_setItsDisplay
                0x0000000008002dc8       0x1c Core/Src/Rhapsody/Timer.o
                0x0000000008002dc8                Timer_setItsDisplay
 .text.Timer_startBehavior
                0x0000000008002de4       0x22 Core/Src/Rhapsody/Timer.o
                0x0000000008002de4                Timer_startBehavior
 .text.initStatechart
                0x0000000008002e06       0x2c Core/Src/Rhapsody/Timer.o
 .text.Timer_running_takeEvent
                0x0000000008002e32       0x60 Core/Src/Rhapsody/Timer.o
                0x0000000008002e32                Timer_running_takeEvent
 .text.rootState_entDef
                0x0000000008002e92       0x1a Core/Src/Rhapsody/Timer.o
 .text.rootState_dispatchEvent
                0x0000000008002eac      0x128 Core/Src/Rhapsody/Timer.o
 .text.running_entDef
                0x0000000008002fd4       0x48 Core/Src/Rhapsody/Timer.o
 .text.__io_putchar
                0x000000000800301c       0x30 Core/Src/main.o
                0x000000000800301c                __io_putchar
 .text.Init_Timer
                0x000000000800304c       0x14 Core/Src/main.o
                0x000000000800304c                Init_Timer
 .text.ReadButton
                0x0000000008003060       0x18 Core/Src/main.o
                0x0000000008003060                ReadButton
 .text.main     0x0000000008003078       0x94 Core/Src/main.o
                0x0000000008003078                main
 .text.SystemClock_Config
                0x000000000800310c      0x104 Core/Src/main.o
                0x000000000800310c                SystemClock_Config
 .text.MX_I2C1_Init
                0x0000000008003210       0x5c Core/Src/main.o
 .text.MX_I2S3_Init
                0x000000000800326c       0x60 Core/Src/main.o
 .text.MX_SPI1_Init
                0x00000000080032cc       0x6c Core/Src/main.o
 .text.MX_TIM10_Init
                0x0000000008003338       0x48 Core/Src/main.o
 .text.MX_USART2_UART_Init
                0x0000000008003380       0x54 Core/Src/main.o
 .text.MX_GPIO_Init
                0x00000000080033d4      0x1fc Core/Src/main.o
 .text.HAL_TIM_PeriodElapsedCallback
                0x00000000080035d0       0x24 Core/Src/main.o
                0x00000000080035d0                HAL_TIM_PeriodElapsedCallback
 .text.Error_Handler
                0x00000000080035f4        0xa Core/Src/main.o
                0x00000000080035f4                Error_Handler
 *fill*         0x00000000080035fe        0x2 
 .text.ssd1306_WriteCommand
                0x0000000008003600       0x30 Core/Src/ssd1306.o
                0x0000000008003600                ssd1306_WriteCommand
 .text.ssd1306_Init
                0x0000000008003630       0xd8 Core/Src/ssd1306.o
                0x0000000008003630                ssd1306_Init
 .text.ssd1306_Fill
                0x0000000008003708       0x48 Core/Src/ssd1306.o
                0x0000000008003708                ssd1306_Fill
 .text.ssd1306_UpdateScreen
                0x0000000008003750       0x60 Core/Src/ssd1306.o
                0x0000000008003750                ssd1306_UpdateScreen
 .text.ssd1306_DrawPixel
                0x00000000080037b0       0xc0 Core/Src/ssd1306.o
                0x00000000080037b0                ssd1306_DrawPixel
 .text.ssd1306_WriteChar
                0x0000000008003870      0x100 Core/Src/ssd1306.o
                0x0000000008003870                ssd1306_WriteChar
 .text.ssd1306_WriteString
                0x0000000008003970       0x4c Core/Src/ssd1306.o
                0x0000000008003970                ssd1306_WriteString
 .text.ssd1306_SetCursor
                0x00000000080039bc       0x30 Core/Src/ssd1306.o
                0x00000000080039bc                ssd1306_SetCursor
 .text.HAL_MspInit
                0x00000000080039ec       0x50 Core/Src/stm32f4xx_hal_msp.o
                0x00000000080039ec                HAL_MspInit
 .text.HAL_I2C_MspInit
                0x0000000008003a3c       0x90 Core/Src/stm32f4xx_hal_msp.o
                0x0000000008003a3c                HAL_I2C_MspInit
 .text.HAL_I2S_MspInit
                0x0000000008003acc       0xd0 Core/Src/stm32f4xx_hal_msp.o
                0x0000000008003acc                HAL_I2S_MspInit
 .text.HAL_SPI_MspInit
                0x0000000008003b9c       0x90 Core/Src/stm32f4xx_hal_msp.o
                0x0000000008003b9c                HAL_SPI_MspInit
 .text.HAL_TIM_Base_MspInit
                0x0000000008003c2c       0x50 Core/Src/stm32f4xx_hal_msp.o
                0x0000000008003c2c                HAL_TIM_Base_MspInit
 .text.HAL_UART_MspInit
                0x0000000008003c7c       0x90 Core/Src/stm32f4xx_hal_msp.o
                0x0000000008003c7c                HAL_UART_MspInit
 .text.NMI_Handler
                0x0000000008003d0c        0x6 Core/Src/stm32f4xx_it.o
                0x0000000008003d0c                NMI_Handler
 .text.HardFault_Handler
                0x0000000008003d12        0x6 Core/Src/stm32f4xx_it.o
                0x0000000008003d12                HardFault_Handler
 .text.MemManage_Handler
                0x0000000008003d18        0x6 Core/Src/stm32f4xx_it.o
                0x0000000008003d18                MemManage_Handler
 .text.BusFault_Handler
                0x0000000008003d1e        0x6 Core/Src/stm32f4xx_it.o
                0x0000000008003d1e                BusFault_Handler
 .text.UsageFault_Handler
                0x0000000008003d24        0x6 Core/Src/stm32f4xx_it.o
                0x0000000008003d24                UsageFault_Handler
 .text.SVC_Handler
                0x0000000008003d2a        0xe Core/Src/stm32f4xx_it.o
                0x0000000008003d2a                SVC_Handler
 .text.DebugMon_Handler
                0x0000000008003d38        0xe Core/Src/stm32f4xx_it.o
                0x0000000008003d38                DebugMon_Handler
 .text.PendSV_Handler
                0x0000000008003d46        0xe Core/Src/stm32f4xx_it.o
                0x0000000008003d46                PendSV_Handler
 .text.SysTick_Handler
                0x0000000008003d54        0xc Core/Src/stm32f4xx_it.o
                0x0000000008003d54                SysTick_Handler
 .text.TIM1_UP_TIM10_IRQHandler
                0x0000000008003d60       0x14 Core/Src/stm32f4xx_it.o
                0x0000000008003d60                TIM1_UP_TIM10_IRQHandler
 .text.OTG_FS_IRQHandler
                0x0000000008003d74       0x14 Core/Src/stm32f4xx_it.o
                0x0000000008003d74                OTG_FS_IRQHandler
 .text._getpid  0x0000000008003d88       0x10 Core/Src/syscalls.o
                0x0000000008003d88                _getpid
 .text._kill    0x0000000008003d98       0x20 Core/Src/syscalls.o
                0x0000000008003d98                _kill
 .text._exit    0x0000000008003db8       0x14 Core/Src/syscalls.o
                0x0000000008003db8                _exit
 .text._read    0x0000000008003dcc       0x3a Core/Src/syscalls.o
                0x0000000008003dcc                _read
 .text._write   0x0000000008003e06       0x38 Core/Src/syscalls.o
                0x0000000008003e06                _write
 .text._close   0x0000000008003e3e       0x18 Core/Src/syscalls.o
                0x0000000008003e3e                _close
 .text._fstat   0x0000000008003e56       0x20 Core/Src/syscalls.o
                0x0000000008003e56                _fstat
 .text._isatty  0x0000000008003e76       0x16 Core/Src/syscalls.o
                0x0000000008003e76                _isatty
 .text._lseek   0x0000000008003e8c       0x1a Core/Src/syscalls.o
                0x0000000008003e8c                _lseek
 *fill*         0x0000000008003ea6        0x2 
 .text._sbrk    0x0000000008003ea8       0x6c Core/Src/sysmem.o
                0x0000000008003ea8                _sbrk
 .text.SystemInit
                0x0000000008003f14       0x24 Core/Src/system_stm32f4xx.o
                0x0000000008003f14                SystemInit
 .text.Reset_Handler
                0x0000000008003f38       0x50 Core/Startup/startup_stm32f407vgtx.o
                0x0000000008003f38                Reset_Handler
 .text.Default_Handler
                0x0000000008003f88        0x2 Core/Startup/startup_stm32f407vgtx.o
                0x0000000008003f88                RTC_Alarm_IRQHandler
                0x0000000008003f88                HASH_RNG_IRQHandler
                0x0000000008003f88                EXTI2_IRQHandler
                0x0000000008003f88                TIM8_CC_IRQHandler
                0x0000000008003f88                TIM1_CC_IRQHandler
                0x0000000008003f88                DMA2_Stream5_IRQHandler
                0x0000000008003f88                DMA1_Stream5_IRQHandler
                0x0000000008003f88                PVD_IRQHandler
                0x0000000008003f88                SDIO_IRQHandler
                0x0000000008003f88                TAMP_STAMP_IRQHandler
                0x0000000008003f88                CAN2_RX1_IRQHandler
                0x0000000008003f88                EXTI3_IRQHandler
                0x0000000008003f88                TIM8_TRG_COM_TIM14_IRQHandler
                0x0000000008003f88                TIM8_UP_TIM13_IRQHandler
                0x0000000008003f88                I2C3_ER_IRQHandler
                0x0000000008003f88                EXTI0_IRQHandler
                0x0000000008003f88                I2C2_EV_IRQHandler
                0x0000000008003f88                DMA1_Stream2_IRQHandler
                0x0000000008003f88                CAN1_RX0_IRQHandler
                0x0000000008003f88                FPU_IRQHandler
                0x0000000008003f88                OTG_HS_WKUP_IRQHandler
                0x0000000008003f88                CAN2_SCE_IRQHandler
                0x0000000008003f88                DMA2_Stream2_IRQHandler
                0x0000000008003f88                SPI1_IRQHandler
                0x0000000008003f88                TIM6_DAC_IRQHandler
                0x0000000008003f88                TIM1_BRK_TIM9_IRQHandler
                0x0000000008003f88                DCMI_IRQHandler
                0x0000000008003f88                CAN2_RX0_IRQHandler
                0x0000000008003f88                DMA2_Stream3_IRQHandler
                0x0000000008003f88                USART6_IRQHandler
                0x0000000008003f88                USART3_IRQHandler
                0x0000000008003f88                CAN1_RX1_IRQHandler
                0x0000000008003f88                UART5_IRQHandler
                0x0000000008003f88                DMA2_Stream0_IRQHandler
                0x0000000008003f88                TIM4_IRQHandler
                0x0000000008003f88                I2C1_EV_IRQHandler
                0x0000000008003f88                DMA1_Stream6_IRQHandler
                0x0000000008003f88                DMA1_Stream1_IRQHandler
                0x0000000008003f88                UART4_IRQHandler
                0x0000000008003f88                TIM3_IRQHandler
                0x0000000008003f88                RCC_IRQHandler
                0x0000000008003f88                TIM8_BRK_TIM12_IRQHandler
                0x0000000008003f88                Default_Handler
                0x0000000008003f88                EXTI15_10_IRQHandler
                0x0000000008003f88                ADC_IRQHandler
                0x0000000008003f88                DMA1_Stream7_IRQHandler
                0x0000000008003f88                TIM7_IRQHandler
                0x0000000008003f88                CAN2_TX_IRQHandler
                0x0000000008003f88                TIM5_IRQHandler
                0x0000000008003f88                DMA2_Stream7_IRQHandler
                0x0000000008003f88                I2C3_EV_IRQHandler
                0x0000000008003f88                EXTI9_5_IRQHandler
                0x0000000008003f88                RTC_WKUP_IRQHandler
                0x0000000008003f88                ETH_WKUP_IRQHandler
                0x0000000008003f88                SPI2_IRQHandler
                0x0000000008003f88                OTG_HS_EP1_IN_IRQHandler
                0x0000000008003f88                DMA1_Stream0_IRQHandler
                0x0000000008003f88                CAN1_TX_IRQHandler
                0x0000000008003f88                EXTI4_IRQHandler
                0x0000000008003f88                FSMC_IRQHandler
                0x0000000008003f88                ETH_IRQHandler
                0x0000000008003f88                OTG_HS_EP1_OUT_IRQHandler
                0x0000000008003f88                WWDG_IRQHandler
                0x0000000008003f88                TIM2_IRQHandler
                0x0000000008003f88                OTG_FS_WKUP_IRQHandler
                0x0000000008003f88                TIM1_TRG_COM_TIM11_IRQHandler
                0x0000000008003f88                OTG_HS_IRQHandler
                0x0000000008003f88                EXTI1_IRQHandler
                0x0000000008003f88                USART2_IRQHandler
                0x0000000008003f88                I2C2_ER_IRQHandler
                0x0000000008003f88                DMA2_Stream1_IRQHandler
                0x0000000008003f88                CAN1_SCE_IRQHandler
                0x0000000008003f88                FLASH_IRQHandler
                0x0000000008003f88                DMA2_Stream4_IRQHandler
                0x0000000008003f88                USART1_IRQHandler
                0x0000000008003f88                SPI3_IRQHandler
                0x0000000008003f88                DMA1_Stream4_IRQHandler
                0x0000000008003f88                I2C1_ER_IRQHandler
                0x0000000008003f88                DMA2_Stream6_IRQHandler
                0x0000000008003f88                DMA1_Stream3_IRQHandler
 *fill*         0x0000000008003f8a        0x2 
 .text.HAL_Init
                0x0000000008003f8c       0x44 Drivers/STM32F4xx_HAL_Driver/Src/stm32f4xx_hal.o
                0x0000000008003f8c                HAL_Init
 .text.HAL_InitTick
                0x0000000008003fd0       0x60 Drivers/STM32F4xx_HAL_Driver/Src/stm32f4xx_hal.o
                0x0000000008003fd0                HAL_InitTick
 .text.HAL_IncTick
                0x0000000008004030       0x28 Drivers/STM32F4xx_HAL_Driver/Src/stm32f4xx_hal.o
                0x0000000008004030                HAL_IncTick
 .text.HAL_GetTick
                0x0000000008004058       0x18 Drivers/STM32F4xx_HAL_Driver/Src/stm32f4xx_hal.o
                0x0000000008004058                HAL_GetTick
 .text.HAL_Delay
                0x0000000008004070       0x48 Drivers/STM32F4xx_HAL_Driver/Src/stm32f4xx_hal.o
                0x0000000008004070                HAL_Delay
 .text.__NVIC_SetPriorityGrouping
                0x00000000080040b8       0x48 Drivers/STM32F4xx_HAL_Driver/Src/stm32f4xx_hal_cortex.o
 .text.__NVIC_GetPriorityGrouping
                0x0000000008004100       0x1c Drivers/STM32F4xx_HAL_Driver/Src/stm32f4xx_hal_cortex.o
 .text.__NVIC_EnableIRQ
                0x000000000800411c       0x3c Drivers/STM32F4xx_HAL_Driver/Src/stm32f4xx_hal_cortex.o
 .text.__NVIC_SetPriority
                0x0000000008004158       0x54 Drivers/STM32F4xx_HAL_Driver/Src/stm32f4xx_hal_cortex.o
 .text.NVIC_EncodePriority
                0x00000000080041ac       0x66 Drivers/STM32F4xx_HAL_Driver/Src/stm32f4xx_hal_cortex.o
 *fill*         0x0000000008004212        0x2 
 .text.SysTick_Config
                0x0000000008004214       0x44 Drivers/STM32F4xx_HAL_Driver/Src/stm32f4xx_hal_cortex.o
 .text.HAL_NVIC_SetPriorityGrouping
                0x0000000008004258       0x16 Drivers/STM32F4xx_HAL_Driver/Src/stm32f4xx_hal_cortex.o
                0x0000000008004258                HAL_NVIC_SetPriorityGrouping
 .text.HAL_NVIC_SetPriority
                0x000000000800426e       0x38 Drivers/STM32F4xx_HAL_Driver/Src/stm32f4xx_hal_cortex.o
                0x000000000800426e                HAL_NVIC_SetPriority
 .text.HAL_NVIC_EnableIRQ
                0x00000000080042a6       0x1c Drivers/STM32F4xx_HAL_Driver/Src/stm32f4xx_hal_cortex.o
                0x00000000080042a6                HAL_NVIC_EnableIRQ
 .text.HAL_SYSTICK_Config
                0x00000000080042c2       0x18 Drivers/STM32F4xx_HAL_Driver/Src/stm32f4xx_hal_cortex.o
                0x00000000080042c2                HAL_SYSTICK_Config
 *fill*         0x00000000080042da        0x2 
 .text.HAL_GPIO_Init
                0x00000000080042dc      0x338 Drivers/STM32F4xx_HAL_Driver/Src/stm32f4xx_hal_gpio.o
                0x00000000080042dc                HAL_GPIO_Init
 .text.HAL_GPIO_ReadPin
                0x0000000008004614       0x30 Drivers/STM32F4xx_HAL_Driver/Src/stm32f4xx_hal_gpio.o
                0x0000000008004614                HAL_GPIO_ReadPin
 .text.HAL_GPIO_WritePin
                0x0000000008004644       0x32 Drivers/STM32F4xx_HAL_Driver/Src/stm32f4xx_hal_gpio.o
                0x0000000008004644                HAL_GPIO_WritePin
 .text.HAL_HCD_Init
                0x0000000008004676       0xc4 Drivers/STM32F4xx_HAL_Driver/Src/stm32f4xx_hal_hcd.o
                0x0000000008004676                HAL_HCD_Init
 .text.HAL_HCD_HC_Init
                0x000000000800473a      0x11e Drivers/STM32F4xx_HAL_Driver/Src/stm32f4xx_hal_hcd.o
                0x000000000800473a                HAL_HCD_HC_Init
 .text.HAL_HCD_HC_Halt
                0x0000000008004858       0x46 Drivers/STM32F4xx_HAL_Driver/Src/stm32f4xx_hal_hcd.o
                0x0000000008004858                HAL_HCD_HC_Halt
 *fill*         0x000000000800489e        0x2 
 .text.HAL_HCD_HC_SubmitRequest
                0x00000000080048a0      0x2ac Drivers/STM32F4xx_HAL_Driver/Src/stm32f4xx_hal_hcd.o
                0x00000000080048a0                HAL_HCD_HC_SubmitRequest
 .text.HAL_HCD_IRQHandler
                0x0000000008004b4c      0x216 Drivers/STM32F4xx_HAL_Driver/Src/stm32f4xx_hal_hcd.o
                0x0000000008004b4c                HAL_HCD_IRQHandler
 .text.HAL_HCD_Start
                0x0000000008004d62       0x46 Drivers/STM32F4xx_HAL_Driver/Src/stm32f4xx_hal_hcd.o
                0x0000000008004d62                HAL_HCD_Start
 .text.HAL_HCD_Stop
                0x0000000008004da8       0x3a Drivers/STM32F4xx_HAL_Driver/Src/stm32f4xx_hal_hcd.o
                0x0000000008004da8                HAL_HCD_Stop
 .text.HAL_HCD_ResetPort
                0x0000000008004de2       0x1c Drivers/STM32F4xx_HAL_Driver/Src/stm32f4xx_hal_hcd.o
                0x0000000008004de2                HAL_HCD_ResetPort
 .text.HAL_HCD_HC_GetURBState
                0x0000000008004dfe       0x28 Drivers/STM32F4xx_HAL_Driver/Src/stm32f4xx_hal_hcd.o
                0x0000000008004dfe                HAL_HCD_HC_GetURBState
 .text.HAL_HCD_HC_GetXferCount
                0x0000000008004e26       0x28 Drivers/STM32F4xx_HAL_Driver/Src/stm32f4xx_hal_hcd.o
                0x0000000008004e26                HAL_HCD_HC_GetXferCount
 .text.HAL_HCD_GetCurrentFrame
                0x0000000008004e4e       0x1c Drivers/STM32F4xx_HAL_Driver/Src/stm32f4xx_hal_hcd.o
                0x0000000008004e4e                HAL_HCD_GetCurrentFrame
 .text.HAL_HCD_GetCurrentSpeed
                0x0000000008004e6a       0x1c Drivers/STM32F4xx_HAL_Driver/Src/stm32f4xx_hal_hcd.o
                0x0000000008004e6a                HAL_HCD_GetCurrentSpeed
 .text.HCD_HC_IN_IRQHandler
                0x0000000008004e86      0x844 Drivers/STM32F4xx_HAL_Driver/Src/stm32f4xx_hal_hcd.o
 .text.HCD_HC_OUT_IRQHandler
                0x00000000080056ca      0x802 Drivers/STM32F4xx_HAL_Driver/Src/stm32f4xx_hal_hcd.o
 .text.HCD_RXQLVL_IRQHandler
                0x0000000008005ecc      0x1a4 Drivers/STM32F4xx_HAL_Driver/Src/stm32f4xx_hal_hcd.o
 .text.HCD_Port_IRQHandler
                0x0000000008006070       0xe6 Drivers/STM32F4xx_HAL_Driver/Src/stm32f4xx_hal_hcd.o
 *fill*         0x0000000008006156        0x2 
 .text.HAL_I2C_Init
                0x0000000008006158      0x288 Drivers/STM32F4xx_HAL_Driver/Src/stm32f4xx_hal_i2c.o
                0x0000000008006158                HAL_I2C_Init
 .text.HAL_I2C_Mem_Write
                0x00000000080063e0      0x1f4 Drivers/STM32F4xx_HAL_Driver/Src/stm32f4xx_hal_i2c.o
                0x00000000080063e0                HAL_I2C_Mem_Write
 .text.I2C_RequestMemoryWrite
                0x00000000080065d4      0x12c Drivers/STM32F4xx_HAL_Driver/Src/stm32f4xx_hal_i2c.o
 .text.I2C_WaitOnFlagUntilTimeout
                0x0000000008006700       0xae Drivers/STM32F4xx_HAL_Driver/Src/stm32f4xx_hal_i2c.o
 .text.I2C_WaitOnMasterAddressFlagUntilTimeout
                0x00000000080067ae       0xfe Drivers/STM32F4xx_HAL_Driver/Src/stm32f4xx_hal_i2c.o
 .text.I2C_WaitOnTXEFlagUntilTimeout
                0x00000000080068ac       0x82 Drivers/STM32F4xx_HAL_Driver/Src/stm32f4xx_hal_i2c.o
 .text.I2C_WaitOnBTFFlagUntilTimeout
                0x000000000800692e       0x82 Drivers/STM32F4xx_HAL_Driver/Src/stm32f4xx_hal_i2c.o
 .text.I2C_IsAcknowledgeFailed
                0x00000000080069b0       0x5e Drivers/STM32F4xx_HAL_Driver/Src/stm32f4xx_hal_i2c.o
 *fill*         0x0000000008006a0e        0x2 
 .text.HAL_I2S_Init
                0x0000000008006a10      0x280 Drivers/STM32F4xx_HAL_Driver/Src/stm32f4xx_hal_i2s.o
                0x0000000008006a10                HAL_I2S_Init
 .text.HAL_I2S_TxCpltCallback
                0x0000000008006c90       0x14 Drivers/STM32F4xx_HAL_Driver/Src/stm32f4xx_hal_i2s.o
                0x0000000008006c90                HAL_I2S_TxCpltCallback
 .text.HAL_I2S_RxCpltCallback
                0x0000000008006ca4       0x14 Drivers/STM32F4xx_HAL_Driver/Src/stm32f4xx_hal_i2s.o
                0x0000000008006ca4                HAL_I2S_RxCpltCallback
 .text.HAL_I2S_ErrorCallback
                0x0000000008006cb8       0x14 Drivers/STM32F4xx_HAL_Driver/Src/stm32f4xx_hal_i2s.o
                0x0000000008006cb8                HAL_I2S_ErrorCallback
 .text.I2S_Transmit_IT
                0x0000000008006ccc       0x5c Drivers/STM32F4xx_HAL_Driver/Src/stm32f4xx_hal_i2s.o
 .text.I2S_Receive_IT
                0x0000000008006d28       0x5e Drivers/STM32F4xx_HAL_Driver/Src/stm32f4xx_hal_i2s.o
 .text.I2S_IRQHandler
                0x0000000008006d86      0x114 Drivers/STM32F4xx_HAL_Driver/Src/stm32f4xx_hal_i2s.o
 *fill*         0x0000000008006e9a        0x2 
 .text.HAL_I2SEx_FullDuplex_IRQHandler
                0x0000000008006e9c      0x2a8 Drivers/STM32F4xx_HAL_Driver/Src/stm32f4xx_hal_i2s_ex.o
                0x0000000008006e9c                HAL_I2SEx_FullDuplex_IRQHandler
 .text.HAL_I2SEx_TxRxCpltCallback
                0x0000000008007144       0x14 Drivers/STM32F4xx_HAL_Driver/Src/stm32f4xx_hal_i2s_ex.o
                0x0000000008007144                HAL_I2SEx_TxRxCpltCallback
 .text.I2SEx_TxISR_I2S
                0x0000000008007158       0x62 Drivers/STM32F4xx_HAL_Driver/Src/stm32f4xx_hal_i2s_ex.o
 *fill*         0x00000000080071ba        0x2 
 .text.I2SEx_TxISR_I2SExt
                0x00000000080071bc       0x98 Drivers/STM32F4xx_HAL_Driver/Src/stm32f4xx_hal_i2s_ex.o
 .text.I2SEx_RxISR_I2S
                0x0000000008007254       0x64 Drivers/STM32F4xx_HAL_Driver/Src/stm32f4xx_hal_i2s_ex.o
 .text.I2SEx_RxISR_I2SExt
                0x00000000080072b8       0x98 Drivers/STM32F4xx_HAL_Driver/Src/stm32f4xx_hal_i2s_ex.o
 .text.HAL_RCC_OscConfig
                0x0000000008007350      0x4f0 Drivers/STM32F4xx_HAL_Driver/Src/stm32f4xx_hal_rcc.o
                0x0000000008007350                HAL_RCC_OscConfig
 .text.HAL_RCC_ClockConfig
                0x0000000008007840      0x1cc Drivers/STM32F4xx_HAL_Driver/Src/stm32f4xx_hal_rcc.o
                0x0000000008007840                HAL_RCC_ClockConfig
 .text.HAL_RCC_GetSysClockFreq
                0x0000000008007a0c      0x1c4 Drivers/STM32F4xx_HAL_Driver/Src/stm32f4xx_hal_rcc.o
                0x0000000008007a0c                HAL_RCC_GetSysClockFreq
 .text.HAL_RCC_GetHCLKFreq
                0x0000000008007bd0       0x18 Drivers/STM32F4xx_HAL_Driver/Src/stm32f4xx_hal_rcc.o
                0x0000000008007bd0                HAL_RCC_GetHCLKFreq
 .text.HAL_RCC_GetPCLK1Freq
                0x0000000008007be8       0x28 Drivers/STM32F4xx_HAL_Driver/Src/stm32f4xx_hal_rcc.o
                0x0000000008007be8                HAL_RCC_GetPCLK1Freq
 .text.HAL_RCC_GetPCLK2Freq
                0x0000000008007c10       0x28 Drivers/STM32F4xx_HAL_Driver/Src/stm32f4xx_hal_rcc.o
                0x0000000008007c10                HAL_RCC_GetPCLK2Freq
 .text.HAL_RCCEx_PeriphCLKConfig
                0x0000000008007c38      0x1c4 Drivers/STM32F4xx_HAL_Driver/Src/stm32f4xx_hal_rcc_ex.o
                0x0000000008007c38                HAL_RCCEx_PeriphCLKConfig
 .text.HAL_RCCEx_GetPeriphCLKFreq
                0x0000000008007dfc       0xbc Drivers/STM32F4xx_HAL_Driver/Src/stm32f4xx_hal_rcc_ex.o
                0x0000000008007dfc                HAL_RCCEx_GetPeriphCLKFreq
 .text.HAL_SPI_Init
                0x0000000008007eb8      0x112 Drivers/STM32F4xx_HAL_Driver/Src/stm32f4xx_hal_spi.o
                0x0000000008007eb8                HAL_SPI_Init
 .text.HAL_TIM_Base_Init
                0x0000000008007fca       0x9e Drivers/STM32F4xx_HAL_Driver/Src/stm32f4xx_hal_tim.o
                0x0000000008007fca                HAL_TIM_Base_Init
 .text.HAL_TIM_Base_Start_IT
                0x0000000008008068       0xe0 Drivers/STM32F4xx_HAL_Driver/Src/stm32f4xx_hal_tim.o
                0x0000000008008068                HAL_TIM_Base_Start_IT
 .text.HAL_TIM_IRQHandler
                0x0000000008008148      0x210 Drivers/STM32F4xx_HAL_Driver/Src/stm32f4xx_hal_tim.o
                0x0000000008008148                HAL_TIM_IRQHandler
 .text.HAL_TIM_OC_DelayElapsedCallback
                0x0000000008008358       0x14 Drivers/STM32F4xx_HAL_Driver/Src/stm32f4xx_hal_tim.o
                0x0000000008008358                HAL_TIM_OC_DelayElapsedCallback
 .text.HAL_TIM_IC_CaptureCallback
                0x000000000800836c       0x14 Drivers/STM32F4xx_HAL_Driver/Src/stm32f4xx_hal_tim.o
                0x000000000800836c                HAL_TIM_IC_CaptureCallback
 .text.HAL_TIM_PWM_PulseFinishedCallback
                0x0000000008008380       0x14 Drivers/STM32F4xx_HAL_Driver/Src/stm32f4xx_hal_tim.o
                0x0000000008008380                HAL_TIM_PWM_PulseFinishedCallback
 .text.HAL_TIM_TriggerCallback
                0x0000000008008394       0x14 Drivers/STM32F4xx_HAL_Driver/Src/stm32f4xx_hal_tim.o
                0x0000000008008394                HAL_TIM_TriggerCallback
 .text.TIM_Base_SetConfig
                0x00000000080083a8      0x140 Drivers/STM32F4xx_HAL_Driver/Src/stm32f4xx_hal_tim.o
                0x00000000080083a8                TIM_Base_SetConfig
 .text.HAL_TIMEx_CommutCallback
                0x00000000080084e8       0x14 Drivers/STM32F4xx_HAL_Driver/Src/stm32f4xx_hal_tim_ex.o
                0x00000000080084e8                HAL_TIMEx_CommutCallback
 .text.HAL_TIMEx_BreakCallback
                0x00000000080084fc       0x14 Drivers/STM32F4xx_HAL_Driver/Src/stm32f4xx_hal_tim_ex.o
                0x00000000080084fc                HAL_TIMEx_BreakCallback
 .text.HAL_UART_Init
                0x0000000008008510       0x9a Drivers/STM32F4xx_HAL_Driver/Src/stm32f4xx_hal_uart.o
                0x0000000008008510                HAL_UART_Init
 *fill*         0x00000000080085aa        0x2 
 .text.UART_SetConfig
                0x00000000080085ac      0x390 Drivers/STM32F4xx_HAL_Driver/Src/stm32f4xx_hal_uart.o
 .text.USB_CoreInit
                0x000000000800893c       0xc2 Drivers/STM32F4xx_HAL_Driver/Src/stm32f4xx_ll_usb.o
                0x000000000800893c                USB_CoreInit
 .text.USB_EnableGlobalInt
                0x00000000080089fe       0x22 Drivers/STM32F4xx_HAL_Driver/Src/stm32f4xx_ll_usb.o
                0x00000000080089fe                USB_EnableGlobalInt
 .text.USB_DisableGlobalInt
                0x0000000008008a20       0x22 Drivers/STM32F4xx_HAL_Driver/Src/stm32f4xx_ll_usb.o
                0x0000000008008a20                USB_DisableGlobalInt
 .text.USB_SetCurrentMode
                0x0000000008008a42       0x98 Drivers/STM32F4xx_HAL_Driver/Src/stm32f4xx_ll_usb.o
                0x0000000008008a42                USB_SetCurrentMode
 *fill*         0x0000000008008ada        0x2 
 .text.USB_FlushTxFifo
                0x0000000008008adc       0x48 Drivers/STM32F4xx_HAL_Driver/Src/stm32f4xx_ll_usb.o
                0x0000000008008adc                USB_FlushTxFifo
 .text.USB_FlushRxFifo
                0x0000000008008b24       0x40 Drivers/STM32F4xx_HAL_Driver/Src/stm32f4xx_ll_usb.o
                0x0000000008008b24                USB_FlushRxFifo
 .text.USB_WritePacket
                0x0000000008008b64       0x7c Drivers/STM32F4xx_HAL_Driver/Src/stm32f4xx_ll_usb.o
                0x0000000008008b64                USB_WritePacket
 .text.USB_ReadPacket
                0x0000000008008be0       0xb0 Drivers/STM32F4xx_HAL_Driver/Src/stm32f4xx_ll_usb.o
                0x0000000008008be0                USB_ReadPacket
 .text.USB_ReadInterrupts
                0x0000000008008c90       0x26 Drivers/STM32F4xx_HAL_Driver/Src/stm32f4xx_ll_usb.o
                0x0000000008008c90                USB_ReadInterrupts
 .text.USB_GetMode
                0x0000000008008cb6       0x1c Drivers/STM32F4xx_HAL_Driver/Src/stm32f4xx_ll_usb.o
                0x0000000008008cb6                USB_GetMode
 *fill*         0x0000000008008cd2        0x2 
 .text.USB_CoreReset
                0x0000000008008cd4       0x64 Drivers/STM32F4xx_HAL_Driver/Src/stm32f4xx_ll_usb.o
 .text.USB_HostInit
                0x0000000008008d38      0x168 Drivers/STM32F4xx_HAL_Driver/Src/stm32f4xx_ll_usb.o
                0x0000000008008d38                USB_HostInit
 .text.USB_InitFSLSPClkSel
                0x0000000008008ea0       0x74 Drivers/STM32F4xx_HAL_Driver/Src/stm32f4xx_ll_usb.o
                0x0000000008008ea0                USB_InitFSLSPClkSel
 .text.USB_ResetPort
                0x0000000008008f14       0x54 Drivers/STM32F4xx_HAL_Driver/Src/stm32f4xx_ll_usb.o
                0x0000000008008f14                USB_ResetPort
 .text.USB_DriveVbus
                0x0000000008008f68       0x72 Drivers/STM32F4xx_HAL_Driver/Src/stm32f4xx_ll_usb.o
                0x0000000008008f68                USB_DriveVbus
 .text.USB_GetHostSpeed
                0x0000000008008fda       0x2e Drivers/STM32F4xx_HAL_Driver/Src/stm32f4xx_ll_usb.o
                0x0000000008008fda                USB_GetHostSpeed
 .text.USB_GetCurrentFrame
                0x0000000008009008       0x22 Drivers/STM32F4xx_HAL_Driver/Src/stm32f4xx_ll_usb.o
                0x0000000008009008                USB_GetCurrentFrame
 *fill*         0x000000000800902a        0x2 
 .text.USB_HC_Init
                0x000000000800902c      0x21c Drivers/STM32F4xx_HAL_Driver/Src/stm32f4xx_ll_usb.o
                0x000000000800902c                USB_HC_Init
 .text.USB_HC_StartXfer
                0x0000000008009248      0x284 Drivers/STM32F4xx_HAL_Driver/Src/stm32f4xx_ll_usb.o
                0x0000000008009248                USB_HC_StartXfer
 .text.USB_HC_ReadInterrupt
                0x00000000080094cc       0x22 Drivers/STM32F4xx_HAL_Driver/Src/stm32f4xx_ll_usb.o
                0x00000000080094cc                USB_HC_ReadInterrupt
 .text.USB_HC_Halt
                0x00000000080094ee      0x238 Drivers/STM32F4xx_HAL_Driver/Src/stm32f4xx_ll_usb.o
                0x00000000080094ee                USB_HC_Halt
 *fill*         0x0000000008009726        0x2 
 .text.USB_DoPing
                0x0000000008009728       0x78 Drivers/STM32F4xx_HAL_Driver/Src/stm32f4xx_ll_usb.o
                0x0000000008009728                USB_DoPing
 .text.USB_StopHost
                0x00000000080097a0      0x10c Drivers/STM32F4xx_HAL_Driver/Src/stm32f4xx_ll_usb.o
                0x00000000080097a0                USB_StopHost
 .text.USBH_CDC_InterfaceInit
                0x00000000080098ac      0x2ac Middlewares/ST/STM32_USB_Host_Library/Class/CDC/Src/usbh_cdc.o
 .text.USBH_CDC_InterfaceDeInit
                0x0000000008009b58       0xb2 Middlewares/ST/STM32_USB_Host_Library/Class/CDC/Src/usbh_cdc.o
 .text.USBH_CDC_ClassRequest
                0x0000000008009c0a       0x3e Middlewares/ST/STM32_USB_Host_Library/Class/CDC/Src/usbh_cdc.o
 .text.USBH_CDC_Process
                0x0000000008009c48      0x12c Middlewares/ST/STM32_USB_Host_Library/Class/CDC/Src/usbh_cdc.o
 .text.USBH_CDC_SOFProcess
                0x0000000008009d74       0x16 Middlewares/ST/STM32_USB_Host_Library/Class/CDC/Src/usbh_cdc.o
 .text.GetLineCoding
                0x0000000008009d8a       0x3e Middlewares/ST/STM32_USB_Host_Library/Class/CDC/Src/usbh_cdc.o
 .text.SetLineCoding
                0x0000000008009dc8       0x3e Middlewares/ST/STM32_USB_Host_Library/Class/CDC/Src/usbh_cdc.o
 .text.CDC_ProcessTransmission
                0x0000000008009e06       0xec Middlewares/ST/STM32_USB_Host_Library/Class/CDC/Src/usbh_cdc.o
 .text.CDC_ProcessReception
                0x0000000008009ef2       0xb6 Middlewares/ST/STM32_USB_Host_Library/Class/CDC/Src/usbh_cdc.o
 .text.USBH_CDC_TransmitCallback
                0x0000000008009fa8       0x14 Middlewares/ST/STM32_USB_Host_Library/Class/CDC/Src/usbh_cdc.o
                0x0000000008009fa8                USBH_CDC_TransmitCallback
 .text.USBH_CDC_ReceiveCallback
                0x0000000008009fbc       0x14 Middlewares/ST/STM32_USB_Host_Library/Class/CDC/Src/usbh_cdc.o
                0x0000000008009fbc                USBH_CDC_ReceiveCallback
 .text.USBH_CDC_LineCodingChanged
                0x0000000008009fd0       0x14 Middlewares/ST/STM32_USB_Host_Library/Class/CDC/Src/usbh_cdc.o
                0x0000000008009fd0                USBH_CDC_LineCodingChanged
 .text.USBH_Init
                0x0000000008009fe4       0x74 Middlewares/ST/STM32_USB_Host_Library/Core/Src/usbh_core.o
                0x0000000008009fe4                USBH_Init
 .text.DeInitStateMachine
                0x000000000800a058       0xa8 Middlewares/ST/STM32_USB_Host_Library/Core/Src/usbh_core.o
 .text.USBH_RegisterClass
                0x000000000800a100       0x54 Middlewares/ST/STM32_USB_Host_Library/Core/Src/usbh_core.o
                0x000000000800a100                USBH_RegisterClass
 .text.USBH_SelectInterface
                0x000000000800a154       0x38 Middlewares/ST/STM32_USB_Host_Library/Core/Src/usbh_core.o
                0x000000000800a154                USBH_SelectInterface
 .text.USBH_FindInterface
                0x000000000800a18c       0x8c Middlewares/ST/STM32_USB_Host_Library/Core/Src/usbh_core.o
                0x000000000800a18c                USBH_FindInterface
 .text.USBH_Start
                0x000000000800a218       0x20 Middlewares/ST/STM32_USB_Host_Library/Core/Src/usbh_core.o
                0x000000000800a218                USBH_Start
 .text.USBH_Process
                0x000000000800a238      0x3c0 Middlewares/ST/STM32_USB_Host_Library/Core/Src/usbh_core.o
                0x000000000800a238                USBH_Process
 .text.USBH_HandleEnum
                0x000000000800a5f8      0x3c8 Middlewares/ST/STM32_USB_Host_Library/Core/Src/usbh_core.o
 .text.USBH_LL_SetTimer
                0x000000000800a9c0       0x1e Middlewares/ST/STM32_USB_Host_Library/Core/Src/usbh_core.o
                0x000000000800a9c0                USBH_LL_SetTimer
 .text.USBH_LL_IncTimer
                0x000000000800a9de       0x24 Middlewares/ST/STM32_USB_Host_Library/Core/Src/usbh_core.o
                0x000000000800a9de                USBH_LL_IncTimer
 .text.USBH_HandleSof
                0x000000000800aa02       0x30 Middlewares/ST/STM32_USB_Host_Library/Core/Src/usbh_core.o
 .text.USBH_LL_PortEnabled
                0x000000000800aa32       0x1c Middlewares/ST/STM32_USB_Host_Library/Core/Src/usbh_core.o
                0x000000000800aa32                USBH_LL_PortEnabled
 .text.USBH_LL_PortDisabled
                0x000000000800aa4e       0x1c Middlewares/ST/STM32_USB_Host_Library/Core/Src/usbh_core.o
                0x000000000800aa4e                USBH_LL_PortDisabled
 .text.USBH_LL_Connect
                0x000000000800aa6a       0x2e Middlewares/ST/STM32_USB_Host_Library/Core/Src/usbh_core.o
                0x000000000800aa6a                USBH_LL_Connect
 .text.USBH_LL_Disconnect
                0x000000000800aa98       0x48 Middlewares/ST/STM32_USB_Host_Library/Core/Src/usbh_core.o
                0x000000000800aa98                USBH_LL_Disconnect
 .text.USBH_Get_DevDesc
                0x000000000800aae0       0x50 Middlewares/ST/STM32_USB_Host_Library/Core/Src/usbh_ctlreq.o
                0x000000000800aae0                USBH_Get_DevDesc
 .text.USBH_Get_CfgDesc
                0x000000000800ab30       0x48 Middlewares/ST/STM32_USB_Host_Library/Core/Src/usbh_ctlreq.o
                0x000000000800ab30                USBH_Get_CfgDesc
 .text.USBH_Get_StringDesc
                0x000000000800ab78       0x56 Middlewares/ST/STM32_USB_Host_Library/Core/Src/usbh_ctlreq.o
                0x000000000800ab78                USBH_Get_StringDesc
 .text.USBH_GetDescriptor
                0x000000000800abce       0x6a Middlewares/ST/STM32_USB_Host_Library/Core/Src/usbh_ctlreq.o
                0x000000000800abce                USBH_GetDescriptor
 .text.USBH_SetAddress
                0x000000000800ac38       0x48 Middlewares/ST/STM32_USB_Host_Library/Core/Src/usbh_ctlreq.o
                0x000000000800ac38                USBH_SetAddress
 .text.USBH_SetCfg
                0x000000000800ac80       0x46 Middlewares/ST/STM32_USB_Host_Library/Core/Src/usbh_ctlreq.o
                0x000000000800ac80                USBH_SetCfg
 .text.USBH_SetFeature
                0x000000000800acc6       0x48 Middlewares/ST/STM32_USB_Host_Library/Core/Src/usbh_ctlreq.o
                0x000000000800acc6                USBH_SetFeature
 .text.USBH_ClrFeature
                0x000000000800ad0e       0x48 Middlewares/ST/STM32_USB_Host_Library/Core/Src/usbh_ctlreq.o
                0x000000000800ad0e                USBH_ClrFeature
 .text.USBH_ParseDevDesc
                0x000000000800ad56       0xe0 Middlewares/ST/STM32_USB_Host_Library/Core/Src/usbh_ctlreq.o
 .text.USBH_ParseCfgDesc
                0x000000000800ae36      0x144 Middlewares/ST/STM32_USB_Host_Library/Core/Src/usbh_ctlreq.o
 .text.USBH_ParseInterfaceDesc
                0x000000000800af7a       0x5e Middlewares/ST/STM32_USB_Host_Library/Core/Src/usbh_ctlreq.o
 .text.USBH_ParseEPDesc
                0x000000000800afd8       0x5a Middlewares/ST/STM32_USB_Host_Library/Core/Src/usbh_ctlreq.o
 .text.USBH_ParseStringDesc
                0x000000000800b032       0x66 Middlewares/ST/STM32_USB_Host_Library/Core/Src/usbh_ctlreq.o
 .text.USBH_GetNextDesc
                0x000000000800b098       0x36 Middlewares/ST/STM32_USB_Host_Library/Core/Src/usbh_ctlreq.o
                0x000000000800b098                USBH_GetNextDesc
 .text.USBH_CtlReq
                0x000000000800b0ce       0x7a Middlewares/ST/STM32_USB_Host_Library/Core/Src/usbh_ctlreq.o
                0x000000000800b0ce                USBH_CtlReq
 .text.USBH_HandleControl
                0x000000000800b148      0x2e8 Middlewares/ST/STM32_USB_Host_Library/Core/Src/usbh_ctlreq.o
 .text.USBH_CtlSendSetup
                0x000000000800b430       0x34 Middlewares/ST/STM32_USB_Host_Library/Core/Src/usbh_ioreq.o
                0x000000000800b430                USBH_CtlSendSetup
 .text.USBH_CtlSendData
                0x000000000800b464       0x4a Middlewares/ST/STM32_USB_Host_Library/Core/Src/usbh_ioreq.o
                0x000000000800b464                USBH_CtlSendData
 .text.USBH_CtlReceiveData
                0x000000000800b4ae       0x3c Middlewares/ST/STM32_USB_Host_Library/Core/Src/usbh_ioreq.o
                0x000000000800b4ae                USBH_CtlReceiveData
 .text.USBH_BulkSendData
                0x000000000800b4ea       0x4a Middlewares/ST/STM32_USB_Host_Library/Core/Src/usbh_ioreq.o
                0x000000000800b4ea                USBH_BulkSendData
 .text.USBH_BulkReceiveData
                0x000000000800b534       0x3c Middlewares/ST/STM32_USB_Host_Library/Core/Src/usbh_ioreq.o
                0x000000000800b534                USBH_BulkReceiveData
 .text.USBH_OpenPipe
                0x000000000800b570       0x3e Middlewares/ST/STM32_USB_Host_Library/Core/Src/usbh_pipes.o
                0x000000000800b570                USBH_OpenPipe
 .text.USBH_ClosePipe
                0x000000000800b5ae       0x20 Middlewares/ST/STM32_USB_Host_Library/Core/Src/usbh_pipes.o
                0x000000000800b5ae                USBH_ClosePipe
 .text.USBH_AllocPipe
                0x000000000800b5ce       0x42 Middlewares/ST/STM32_USB_Host_Library/Core/Src/usbh_pipes.o
                0x000000000800b5ce                USBH_AllocPipe
 .text.USBH_FreePipe
                0x000000000800b610       0x3c Middlewares/ST/STM32_USB_Host_Library/Core/Src/usbh_pipes.o
                0x000000000800b610                USBH_FreePipe
 .text.USBH_GetFreePipe
                0x000000000800b64c       0x48 Middlewares/ST/STM32_USB_Host_Library/Core/Src/usbh_pipes.o
 .text.MX_USB_HOST_Init
                0x000000000800b694       0x4c USB_HOST/App/usb_host.o
                0x000000000800b694                MX_USB_HOST_Init
 .text.MX_USB_HOST_Process
                0x000000000800b6e0       0x14 USB_HOST/App/usb_host.o
                0x000000000800b6e0                MX_USB_HOST_Process
 .text.USBH_UserProcess
                0x000000000800b6f4       0x5c USB_HOST/App/usb_host.o
 .text.HAL_HCD_MspInit
                0x000000000800b750       0xc4 USB_HOST/Target/usbh_conf.o
                0x000000000800b750                HAL_HCD_MspInit
 .text.HAL_HCD_SOF_Callback
                0x000000000800b814       0x1c USB_HOST/Target/usbh_conf.o
                0x000000000800b814                HAL_HCD_SOF_Callback
 .text.HAL_HCD_Connect_Callback
                0x000000000800b830       0x1c USB_HOST/Target/usbh_conf.o
                0x000000000800b830                HAL_HCD_Connect_Callback
 .text.HAL_HCD_Disconnect_Callback
                0x000000000800b84c       0x1c USB_HOST/Target/usbh_conf.o
                0x000000000800b84c                HAL_HCD_Disconnect_Callback
 .text.HAL_HCD_HC_NotifyURBChange_Callback
                0x000000000800b868       0x1c USB_HOST/Target/usbh_conf.o
                0x000000000800b868                HAL_HCD_HC_NotifyURBChange_Callback
 .text.HAL_HCD_PortEnabled_Callback
                0x000000000800b884       0x1c USB_HOST/Target/usbh_conf.o
                0x000000000800b884                HAL_HCD_PortEnabled_Callback
 .text.HAL_HCD_PortDisabled_Callback
                0x000000000800b8a0       0x1c USB_HOST/Target/usbh_conf.o
                0x000000000800b8a0                HAL_HCD_PortDisabled_Callback
 .text.USBH_LL_Init
                0x000000000800b8bc       0x78 USB_HOST/Target/usbh_conf.o
                0x000000000800b8bc                USBH_LL_Init
 .text.USBH_LL_Start
                0x000000000800b934       0x36 USB_HOST/Target/usbh_conf.o
                0x000000000800b934                USBH_LL_Start
 .text.USBH_LL_Stop
                0x000000000800b96a       0x36 USB_HOST/Target/usbh_conf.o
                0x000000000800b96a                USBH_LL_Stop
 .text.USBH_LL_GetSpeed
                0x000000000800b9a0       0x4e USB_HOST/Target/usbh_conf.o
                0x000000000800b9a0                USBH_LL_GetSpeed
 .text.USBH_LL_ResetPort
                0x000000000800b9ee       0x36 USB_HOST/Target/usbh_conf.o
                0x000000000800b9ee                USBH_LL_ResetPort
 .text.USBH_LL_GetLastXferSize
                0x000000000800ba24       0x26 USB_HOST/Target/usbh_conf.o
                0x000000000800ba24                USBH_LL_GetLastXferSize
 .text.USBH_LL_OpenPipe
                0x000000000800ba4a       0x5e USB_HOST/Target/usbh_conf.o
                0x000000000800ba4a                USBH_LL_OpenPipe
 .text.USBH_LL_ClosePipe
                0x000000000800baa8       0x3e USB_HOST/Target/usbh_conf.o
                0x000000000800baa8                USBH_LL_ClosePipe
 .text.USBH_LL_SubmitURB
                0x000000000800bae6       0x62 USB_HOST/Target/usbh_conf.o
                0x000000000800bae6                USBH_LL_SubmitURB
 .text.USBH_LL_GetURBState
                0x000000000800bb48       0x26 USB_HOST/Target/usbh_conf.o
                0x000000000800bb48                USBH_LL_GetURBState
 .text.USBH_LL_DriverVBUS
                0x000000000800bb6e       0x2e USB_HOST/Target/usbh_conf.o
                0x000000000800bb6e                USBH_LL_DriverVBUS
 .text.USBH_LL_SetToggle
                0x000000000800bb9c       0x60 USB_HOST/Target/usbh_conf.o
                0x000000000800bb9c                USBH_LL_SetToggle
 .text.USBH_Delay
                0x000000000800bbfc       0x16 USB_HOST/Target/usbh_conf.o
                0x000000000800bbfc                USBH_Delay
 *fill*         0x000000000800bc12        0x2 
 .text.USBH_Get_USB_Status
                0x000000000800bc14       0x58 USB_HOST/Target/usbh_conf.o
                0x000000000800bc14                USBH_Get_USB_Status
 .text.MX_DriverVbusFS
                0x000000000800bc6c       0x38 USB_HOST/Target/usbh_platform.o
                0x000000000800bc6c                MX_DriverVbusFS
 .text.__assert_func
                0x000000000800bca4       0x3c c:/st/stm32cubeide_1.6.0/stm32cubeide/plugins/com.st.stm32cube.ide.mcu.externaltools.gnu-tools-for-stm32.9-2020-q2-update.win32_1.5.0.202011040924/tools/bin/../lib/gcc/arm-none-eabi/9.3.1/../../../../arm-none-eabi/lib/thumb/v7e-m+fp/hard\libc_nano.a(lib_a-assert.o)
                0x000000000800bca4                __assert_func
 .text.__errno  0x000000000800bce0        0xc c:/st/stm32cubeide_1.6.0/stm32cubeide/plugins/com.st.stm32cube.ide.mcu.externaltools.gnu-tools-for-stm32.9-2020-q2-update.win32_1.5.0.202011040924/tools/bin/../lib/gcc/arm-none-eabi/9.3.1/../../../../arm-none-eabi/lib/thumb/v7e-m+fp/hard\libc_nano.a(lib_a-errno.o)
                0x000000000800bce0                __errno
 .text.fprintf  0x000000000800bcec       0x24 c:/st/stm32cubeide_1.6.0/stm32cubeide/plugins/com.st.stm32cube.ide.mcu.externaltools.gnu-tools-for-stm32.9-2020-q2-update.win32_1.5.0.202011040924/tools/bin/../lib/gcc/arm-none-eabi/9.3.1/../../../../arm-none-eabi/lib/thumb/v7e-m+fp/hard\libc_nano.a(lib_a-fprintf.o)
                0x000000000800bcec                fiprintf
                0x000000000800bcec                fprintf
 .text.__libc_init_array
                0x000000000800bd10       0x48 c:/st/stm32cubeide_1.6.0/stm32cubeide/plugins/com.st.stm32cube.ide.mcu.externaltools.gnu-tools-for-stm32.9-2020-q2-update.win32_1.5.0.202011040924/tools/bin/../lib/gcc/arm-none-eabi/9.3.1/../../../../arm-none-eabi/lib/thumb/v7e-m+fp/hard\libc_nano.a(lib_a-init.o)
                0x000000000800bd10                __libc_init_array
 .text.malloc   0x000000000800bd58       0x10 c:/st/stm32cubeide_1.6.0/stm32cubeide/plugins/com.st.stm32cube.ide.mcu.externaltools.gnu-tools-for-stm32.9-2020-q2-update.win32_1.5.0.202011040924/tools/bin/../lib/gcc/arm-none-eabi/9.3.1/../../../../arm-none-eabi/lib/thumb/v7e-m+fp/hard\libc_nano.a(lib_a-malloc.o)
                0x000000000800bd58                malloc
 .text.free     0x000000000800bd68       0x10 c:/st/stm32cubeide_1.6.0/stm32cubeide/plugins/com.st.stm32cube.ide.mcu.externaltools.gnu-tools-for-stm32.9-2020-q2-update.win32_1.5.0.202011040924/tools/bin/../lib/gcc/arm-none-eabi/9.3.1/../../../../arm-none-eabi/lib/thumb/v7e-m+fp/hard\libc_nano.a(lib_a-malloc.o)
                0x000000000800bd68                free
 .text.memset   0x000000000800bd78       0x10 c:/st/stm32cubeide_1.6.0/stm32cubeide/plugins/com.st.stm32cube.ide.mcu.externaltools.gnu-tools-for-stm32.9-2020-q2-update.win32_1.5.0.202011040924/tools/bin/../lib/gcc/arm-none-eabi/9.3.1/../../../../arm-none-eabi/lib/thumb/v7e-m+fp/hard\libc_nano.a(lib_a-memset.o)
                0x000000000800bd78                memset
 .text._free_r  0x000000000800bd88       0xa0 c:/st/stm32cubeide_1.6.0/stm32cubeide/plugins/com.st.stm32cube.ide.mcu.externaltools.gnu-tools-for-stm32.9-2020-q2-update.win32_1.5.0.202011040924/tools/bin/../lib/gcc/arm-none-eabi/9.3.1/../../../../arm-none-eabi/lib/thumb/v7e-m+fp/hard\libc_nano.a(lib_a-nano-freer.o)
                0x000000000800bd88                _free_r
 .text._malloc_r
                0x000000000800be28       0xb4 c:/st/stm32cubeide_1.6.0/stm32cubeide/plugins/com.st.stm32cube.ide.mcu.externaltools.gnu-tools-for-stm32.9-2020-q2-update.win32_1.5.0.202011040924/tools/bin/../lib/gcc/arm-none-eabi/9.3.1/../../../../arm-none-eabi/lib/thumb/v7e-m+fp/hard\libc_nano.a(lib_a-nano-mallocr.o)
                0x000000000800be28                _malloc_r
 .text.__sfputc_r
                0x000000000800bedc       0x2e c:/st/stm32cubeide_1.6.0/stm32cubeide/plugins/com.st.stm32cube.ide.mcu.externaltools.gnu-tools-for-stm32.9-2020-q2-update.win32_1.5.0.202011040924/tools/bin/../lib/gcc/arm-none-eabi/9.3.1/../../../../arm-none-eabi/lib/thumb/v7e-m+fp/hard\libc_nano.a(lib_a-nano-vfprintf.o)
 .text.__sfputs_r
                0x000000000800bf0a       0x24 c:/st/stm32cubeide_1.6.0/stm32cubeide/plugins/com.st.stm32cube.ide.mcu.externaltools.gnu-tools-for-stm32.9-2020-q2-update.win32_1.5.0.202011040924/tools/bin/../lib/gcc/arm-none-eabi/9.3.1/../../../../arm-none-eabi/lib/thumb/v7e-m+fp/hard\libc_nano.a(lib_a-nano-vfprintf.o)
                0x000000000800bf0a                __sfputs_r
 *fill*         0x000000000800bf2e        0x2 
 .text._vfprintf_r
                0x000000000800bf30      0x260 c:/st/stm32cubeide_1.6.0/stm32cubeide/plugins/com.st.stm32cube.ide.mcu.externaltools.gnu-tools-for-stm32.9-2020-q2-update.win32_1.5.0.202011040924/tools/bin/../lib/gcc/arm-none-eabi/9.3.1/../../../../arm-none-eabi/lib/thumb/v7e-m+fp/hard\libc_nano.a(lib_a-nano-vfprintf.o)
                0x000000000800bf30                _vfprintf_r
                0x000000000800bf30                _vfiprintf_r
 .text._printf_common
                0x000000000800c190       0xda c:/st/stm32cubeide_1.6.0/stm32cubeide/plugins/com.st.stm32cube.ide.mcu.externaltools.gnu-tools-for-stm32.9-2020-q2-update.win32_1.5.0.202011040924/tools/bin/../lib/gcc/arm-none-eabi/9.3.1/../../../../arm-none-eabi/lib/thumb/v7e-m+fp/hard\libc_nano.a(lib_a-nano-vfprintf_i.o)
                0x000000000800c190                _printf_common
 *fill*         0x000000000800c26a        0x2 
 .text._printf_i
                0x000000000800c26c      0x24c c:/st/stm32cubeide_1.6.0/stm32cubeide/plugins/com.st.stm32cube.ide.mcu.externaltools.gnu-tools-for-stm32.9-2020-q2-update.win32_1.5.0.202011040924/tools/bin/../lib/gcc/arm-none-eabi/9.3.1/../../../../arm-none-eabi/lib/thumb/v7e-m+fp/hard\libc_nano.a(lib_a-nano-vfprintf_i.o)
                0x000000000800c26c                _printf_i
 .text.printf   0x000000000800c4b8       0x30 c:/st/stm32cubeide_1.6.0/stm32cubeide/plugins/com.st.stm32cube.ide.mcu.externaltools.gnu-tools-for-stm32.9-2020-q2-update.win32_1.5.0.202011040924/tools/bin/../lib/gcc/arm-none-eabi/9.3.1/../../../../arm-none-eabi/lib/thumb/v7e-m+fp/hard\libc_nano.a(lib_a-printf.o)
                0x000000000800c4b8                iprintf
                0x000000000800c4b8                printf
 .text.putchar  0x000000000800c4e8       0x2c c:/st/stm32cubeide_1.6.0/stm32cubeide/plugins/com.st.stm32cube.ide.mcu.externaltools.gnu-tools-for-stm32.9-2020-q2-update.win32_1.5.0.202011040924/tools/bin/../lib/gcc/arm-none-eabi/9.3.1/../../../../arm-none-eabi/lib/thumb/v7e-m+fp/hard\libc_nano.a(lib_a-putchar.o)
                0x000000000800c4e8                putchar
 .text._puts_r  0x000000000800c514       0xdc c:/st/stm32cubeide_1.6.0/stm32cubeide/plugins/com.st.stm32cube.ide.mcu.externaltools.gnu-tools-for-stm32.9-2020-q2-update.win32_1.5.0.202011040924/tools/bin/../lib/gcc/arm-none-eabi/9.3.1/../../../../arm-none-eabi/lib/thumb/v7e-m+fp/hard\libc_nano.a(lib_a-puts.o)
                0x000000000800c514                _puts_r
 .text.puts     0x000000000800c5f0       0x10 c:/st/stm32cubeide_1.6.0/stm32cubeide/plugins/com.st.stm32cube.ide.mcu.externaltools.gnu-tools-for-stm32.9-2020-q2-update.win32_1.5.0.202011040924/tools/bin/../lib/gcc/arm-none-eabi/9.3.1/../../../../arm-none-eabi/lib/thumb/v7e-m+fp/hard\libc_nano.a(lib_a-puts.o)
                0x000000000800c5f0                puts
 .text._sbrk_r  0x000000000800c600       0x20 c:/st/stm32cubeide_1.6.0/stm32cubeide/plugins/com.st.stm32cube.ide.mcu.externaltools.gnu-tools-for-stm32.9-2020-q2-update.win32_1.5.0.202011040924/tools/bin/../lib/gcc/arm-none-eabi/9.3.1/../../../../arm-none-eabi/lib/thumb/v7e-m+fp/hard\libc_nano.a(lib_a-sbrkr.o)
                0x000000000800c600                _sbrk_r
 .text.sprintf  0x000000000800c620       0x40 c:/st/stm32cubeide_1.6.0/stm32cubeide/plugins/com.st.stm32cube.ide.mcu.externaltools.gnu-tools-for-stm32.9-2020-q2-update.win32_1.5.0.202011040924/tools/bin/../lib/gcc/arm-none-eabi/9.3.1/../../../../arm-none-eabi/lib/thumb/v7e-m+fp/hard\libc_nano.a(lib_a-sprintf.o)
                0x000000000800c620                siprintf
                0x000000000800c620                sprintf
 .text.__swbuf_r
                0x000000000800c660       0xa4 c:/st/stm32cubeide_1.6.0/stm32cubeide/plugins/com.st.stm32cube.ide.mcu.externaltools.gnu-tools-for-stm32.9-2020-q2-update.win32_1.5.0.202011040924/tools/bin/../lib/gcc/arm-none-eabi/9.3.1/../../../../arm-none-eabi/lib/thumb/v7e-m+fp/hard\libc_nano.a(lib_a-wbuf.o)
                0x000000000800c660                __swbuf_r
 .text.__swsetup_r
                0x000000000800c704       0xdc c:/st/stm32cubeide_1.6.0/stm32cubeide/plugins/com.st.stm32cube.ide.mcu.externaltools.gnu-tools-for-stm32.9-2020-q2-update.win32_1.5.0.202011040924/tools/bin/../lib/gcc/arm-none-eabi/9.3.1/../../../../arm-none-eabi/lib/thumb/v7e-m+fp/hard\libc_nano.a(lib_a-wsetup.o)
                0x000000000800c704                __swsetup_r
 .text.abort    0x000000000800c7e0        0xe c:/st/stm32cubeide_1.6.0/stm32cubeide/plugins/com.st.stm32cube.ide.mcu.externaltools.gnu-tools-for-stm32.9-2020-q2-update.win32_1.5.0.202011040924/tools/bin/../lib/gcc/arm-none-eabi/9.3.1/../../../../arm-none-eabi/lib/thumb/v7e-m+fp/hard\libc_nano.a(lib_a-abort.o)
                0x000000000800c7e0                abort
 *fill*         0x000000000800c7ee        0x2 
 .text.__sflush_r
                0x000000000800c7f0      0x10c c:/st/stm32cubeide_1.6.0/stm32cubeide/plugins/com.st.stm32cube.ide.mcu.externaltools.gnu-tools-for-stm32.9-2020-q2-update.win32_1.5.0.202011040924/tools/bin/../lib/gcc/arm-none-eabi/9.3.1/../../../../arm-none-eabi/lib/thumb/v7e-m+fp/hard\libc_nano.a(lib_a-fflush.o)
                0x000000000800c7f0                __sflush_r
 .text._fflush_r
                0x000000000800c8fc       0x78 c:/st/stm32cubeide_1.6.0/stm32cubeide/plugins/com.st.stm32cube.ide.mcu.externaltools.gnu-tools-for-stm32.9-2020-q2-update.win32_1.5.0.202011040924/tools/bin/../lib/gcc/arm-none-eabi/9.3.1/../../../../arm-none-eabi/lib/thumb/v7e-m+fp/hard\libc_nano.a(lib_a-fflush.o)
                0x000000000800c8fc                _fflush_r
 .text.std      0x000000000800c974       0x48 c:/st/stm32cubeide_1.6.0/stm32cubeide/plugins/com.st.stm32cube.ide.mcu.externaltools.gnu-tools-for-stm32.9-2020-q2-update.win32_1.5.0.202011040924/tools/bin/../lib/gcc/arm-none-eabi/9.3.1/../../../../arm-none-eabi/lib/thumb/v7e-m+fp/hard\libc_nano.a(lib_a-findfp.o)
 .text._cleanup_r
                0x000000000800c9bc        0xc c:/st/stm32cubeide_1.6.0/stm32cubeide/plugins/com.st.stm32cube.ide.mcu.externaltools.gnu-tools-for-stm32.9-2020-q2-update.win32_1.5.0.202011040924/tools/bin/../lib/gcc/arm-none-eabi/9.3.1/../../../../arm-none-eabi/lib/thumb/v7e-m+fp/hard\libc_nano.a(lib_a-findfp.o)
                0x000000000800c9bc                _cleanup_r
 .text.__sfmoreglue
                0x000000000800c9c8       0x2c c:/st/stm32cubeide_1.6.0/stm32cubeide/plugins/com.st.stm32cube.ide.mcu.externaltools.gnu-tools-for-stm32.9-2020-q2-update.win32_1.5.0.202011040924/tools/bin/../lib/gcc/arm-none-eabi/9.3.1/../../../../arm-none-eabi/lib/thumb/v7e-m+fp/hard\libc_nano.a(lib_a-findfp.o)
                0x000000000800c9c8                __sfmoreglue
 .text.__sfp_lock_acquire
                0x000000000800c9f4        0xc c:/st/stm32cubeide_1.6.0/stm32cubeide/plugins/com.st.stm32cube.ide.mcu.externaltools.gnu-tools-for-stm32.9-2020-q2-update.win32_1.5.0.202011040924/tools/bin/../lib/gcc/arm-none-eabi/9.3.1/../../../../arm-none-eabi/lib/thumb/v7e-m+fp/hard\libc_nano.a(lib_a-findfp.o)
                0x000000000800c9f4                __sfp_lock_acquire
 .text.__sfp_lock_release
                0x000000000800ca00        0xc c:/st/stm32cubeide_1.6.0/stm32cubeide/plugins/com.st.stm32cube.ide.mcu.externaltools.gnu-tools-for-stm32.9-2020-q2-update.win32_1.5.0.202011040924/tools/bin/../lib/gcc/arm-none-eabi/9.3.1/../../../../arm-none-eabi/lib/thumb/v7e-m+fp/hard\libc_nano.a(lib_a-findfp.o)
                0x000000000800ca00                __sfp_lock_release
 .text.__sinit_lock_acquire
                0x000000000800ca0c        0xc c:/st/stm32cubeide_1.6.0/stm32cubeide/plugins/com.st.stm32cube.ide.mcu.externaltools.gnu-tools-for-stm32.9-2020-q2-update.win32_1.5.0.202011040924/tools/bin/../lib/gcc/arm-none-eabi/9.3.1/../../../../arm-none-eabi/lib/thumb/v7e-m+fp/hard\libc_nano.a(lib_a-findfp.o)
                0x000000000800ca0c                __sinit_lock_acquire
 .text.__sinit_lock_release
                0x000000000800ca18        0xc c:/st/stm32cubeide_1.6.0/stm32cubeide/plugins/com.st.stm32cube.ide.mcu.externaltools.gnu-tools-for-stm32.9-2020-q2-update.win32_1.5.0.202011040924/tools/bin/../lib/gcc/arm-none-eabi/9.3.1/../../../../arm-none-eabi/lib/thumb/v7e-m+fp/hard\libc_nano.a(lib_a-findfp.o)
                0x000000000800ca18                __sinit_lock_release
 .text.__sinit  0x000000000800ca24       0x70 c:/st/stm32cubeide_1.6.0/stm32cubeide/plugins/com.st.stm32cube.ide.mcu.externaltools.gnu-tools-for-stm32.9-2020-q2-update.win32_1.5.0.202011040924/tools/bin/../lib/gcc/arm-none-eabi/9.3.1/../../../../arm-none-eabi/lib/thumb/v7e-m+fp/hard\libc_nano.a(lib_a-findfp.o)
                0x000000000800ca24                __sinit
 .text.__sfp    0x000000000800ca94       0x8c c:/st/stm32cubeide_1.6.0/stm32cubeide/plugins/com.st.stm32cube.ide.mcu.externaltools.gnu-tools-for-stm32.9-2020-q2-update.win32_1.5.0.202011040924/tools/bin/../lib/gcc/arm-none-eabi/9.3.1/../../../../arm-none-eabi/lib/thumb/v7e-m+fp/hard\libc_nano.a(lib_a-findfp.o)
                0x000000000800ca94                __sfp
 .text._fwalk_reent
                0x000000000800cb20       0x3e c:/st/stm32cubeide_1.6.0/stm32cubeide/plugins/com.st.stm32cube.ide.mcu.externaltools.gnu-tools-for-stm32.9-2020-q2-update.win32_1.5.0.202011040924/tools/bin/../lib/gcc/arm-none-eabi/9.3.1/../../../../arm-none-eabi/lib/thumb/v7e-m+fp/hard\libc_nano.a(lib_a-fwalk.o)
                0x000000000800cb20                _fwalk_reent
 .text.__retarget_lock_init_recursive
                0x000000000800cb5e        0x2 c:/st/stm32cubeide_1.6.0/stm32cubeide/plugins/com.st.stm32cube.ide.mcu.externaltools.gnu-tools-for-stm32.9-2020-q2-update.win32_1.5.0.202011040924/tools/bin/../lib/gcc/arm-none-eabi/9.3.1/../../../../arm-none-eabi/lib/thumb/v7e-m+fp/hard\libc_nano.a(lib_a-lock.o)
                0x000000000800cb5e                __retarget_lock_init_recursive
 .text.__retarget_lock_acquire_recursive
                0x000000000800cb60        0x2 c:/st/stm32cubeide_1.6.0/stm32cubeide/plugins/com.st.stm32cube.ide.mcu.externaltools.gnu-tools-for-stm32.9-2020-q2-update.win32_1.5.0.202011040924/tools/bin/../lib/gcc/arm-none-eabi/9.3.1/../../../../arm-none-eabi/lib/thumb/v7e-m+fp/hard\libc_nano.a(lib_a-lock.o)
                0x000000000800cb60                __retarget_lock_acquire_recursive
 .text.__retarget_lock_release_recursive
                0x000000000800cb62        0x2 c:/st/stm32cubeide_1.6.0/stm32cubeide/plugins/com.st.stm32cube.ide.mcu.externaltools.gnu-tools-for-stm32.9-2020-q2-update.win32_1.5.0.202011040924/tools/bin/../lib/gcc/arm-none-eabi/9.3.1/../../../../arm-none-eabi/lib/thumb/v7e-m+fp/hard\libc_nano.a(lib_a-lock.o)
                0x000000000800cb62                __retarget_lock_release_recursive
 .text.__swhatbuf_r
                0x000000000800cb64       0x48 c:/st/stm32cubeide_1.6.0/stm32cubeide/plugins/com.st.stm32cube.ide.mcu.externaltools.gnu-tools-for-stm32.9-2020-q2-update.win32_1.5.0.202011040924/tools/bin/../lib/gcc/arm-none-eabi/9.3.1/../../../../arm-none-eabi/lib/thumb/v7e-m+fp/hard\libc_nano.a(lib_a-makebuf.o)
                0x000000000800cb64                __swhatbuf_r
 .text.__smakebuf_r
                0x000000000800cbac       0x80 c:/st/stm32cubeide_1.6.0/stm32cubeide/plugins/com.st.stm32cube.ide.mcu.externaltools.gnu-tools-for-stm32.9-2020-q2-update.win32_1.5.0.202011040924/tools/bin/../lib/gcc/arm-none-eabi/9.3.1/../../../../arm-none-eabi/lib/thumb/v7e-m+fp/hard\libc_nano.a(lib_a-makebuf.o)
                0x000000000800cbac                __smakebuf_r
 .text.memcpy   0x000000000800cc2c       0x1c c:/st/stm32cubeide_1.6.0/stm32cubeide/plugins/com.st.stm32cube.ide.mcu.externaltools.gnu-tools-for-stm32.9-2020-q2-update.win32_1.5.0.202011040924/tools/bin/../lib/gcc/arm-none-eabi/9.3.1/../../../../arm-none-eabi/lib/thumb/v7e-m+fp/hard\libc_nano.a(lib_a-memcpy-stub.o)
                0x000000000800cc2c                memcpy
 .text.memmove  0x000000000800cc48       0x34 c:/st/stm32cubeide_1.6.0/stm32cubeide/plugins/com.st.stm32cube.ide.mcu.externaltools.gnu-tools-for-stm32.9-2020-q2-update.win32_1.5.0.202011040924/tools/bin/../lib/gcc/arm-none-eabi/9.3.1/../../../../arm-none-eabi/lib/thumb/v7e-m+fp/hard\libc_nano.a(lib_a-memmove.o)
                0x000000000800cc48                memmove
 .text.__malloc_lock
                0x000000000800cc7c        0xc c:/st/stm32cubeide_1.6.0/stm32cubeide/plugins/com.st.stm32cube.ide.mcu.externaltools.gnu-tools-for-stm32.9-2020-q2-update.win32_1.5.0.202011040924/tools/bin/../lib/gcc/arm-none-eabi/9.3.1/../../../../arm-none-eabi/lib/thumb/v7e-m+fp/hard\libc_nano.a(lib_a-mlock.o)
                0x000000000800cc7c                __malloc_lock
 .text.__malloc_unlock
                0x000000000800cc88        0xc c:/st/stm32cubeide_1.6.0/stm32cubeide/plugins/com.st.stm32cube.ide.mcu.externaltools.gnu-tools-for-stm32.9-2020-q2-update.win32_1.5.0.202011040924/tools/bin/../lib/gcc/arm-none-eabi/9.3.1/../../../../arm-none-eabi/lib/thumb/v7e-m+fp/hard\libc_nano.a(lib_a-mlock.o)
                0x000000000800cc88                __malloc_unlock
 .text._realloc_r
                0x000000000800cc94       0x4c c:/st/stm32cubeide_1.6.0/stm32cubeide/plugins/com.st.stm32cube.ide.mcu.externaltools.gnu-tools-for-stm32.9-2020-q2-update.win32_1.5.0.202011040924/tools/bin/../lib/gcc/arm-none-eabi/9.3.1/../../../../arm-none-eabi/lib/thumb/v7e-m+fp/hard\libc_nano.a(lib_a-nano-reallocr.o)
                0x000000000800cc94                _realloc_r
 .text.__ssputs_r
                0x000000000800cce0       0xb6 c:/st/stm32cubeide_1.6.0/stm32cubeide/plugins/com.st.stm32cube.ide.mcu.externaltools.gnu-tools-for-stm32.9-2020-q2-update.win32_1.5.0.202011040924/tools/bin/../lib/gcc/arm-none-eabi/9.3.1/../../../../arm-none-eabi/lib/thumb/v7e-m+fp/hard\libc_nano.a(lib_a-nano-svfprintf.o)
                0x000000000800cce0                __ssputs_r
 *fill*         0x000000000800cd96        0x2 
 .text._svfprintf_r
                0x000000000800cd98      0x200 c:/st/stm32cubeide_1.6.0/stm32cubeide/plugins/com.st.stm32cube.ide.mcu.externaltools.gnu-tools-for-stm32.9-2020-q2-update.win32_1.5.0.202011040924/tools/bin/../lib/gcc/arm-none-eabi/9.3.1/../../../../arm-none-eabi/lib/thumb/v7e-m+fp/hard\libc_nano.a(lib_a-nano-svfprintf.o)
                0x000000000800cd98                _svfiprintf_r
                0x000000000800cd98                _svfprintf_r
 .text._putc_r  0x000000000800cf98       0x90 c:/st/stm32cubeide_1.6.0/stm32cubeide/plugins/com.st.stm32cube.ide.mcu.externaltools.gnu-tools-for-stm32.9-2020-q2-update.win32_1.5.0.202011040924/tools/bin/../lib/gcc/arm-none-eabi/9.3.1/../../../../arm-none-eabi/lib/thumb/v7e-m+fp/hard\libc_nano.a(lib_a-putc.o)
                0x000000000800cf98                _putc_r
 .text._raise_r
                0x000000000800d028       0x50 c:/st/stm32cubeide_1.6.0/stm32cubeide/plugins/com.st.stm32cube.ide.mcu.externaltools.gnu-tools-for-stm32.9-2020-q2-update.win32_1.5.0.202011040924/tools/bin/../lib/gcc/arm-none-eabi/9.3.1/../../../../arm-none-eabi/lib/thumb/v7e-m+fp/hard\libc_nano.a(lib_a-signal.o)
                0x000000000800d028                _raise_r
 .text.raise    0x000000000800d078       0x10 c:/st/stm32cubeide_1.6.0/stm32cubeide/plugins/com.st.stm32cube.ide.mcu.externaltools.gnu-tools-for-stm32.9-2020-q2-update.win32_1.5.0.202011040924/tools/bin/../lib/gcc/arm-none-eabi/9.3.1/../../../../arm-none-eabi/lib/thumb/v7e-m+fp/hard\libc_nano.a(lib_a-signal.o)
                0x000000000800d078                raise
 .text._kill_r  0x000000000800d088       0x24 c:/st/stm32cubeide_1.6.0/stm32cubeide/plugins/com.st.stm32cube.ide.mcu.externaltools.gnu-tools-for-stm32.9-2020-q2-update.win32_1.5.0.202011040924/tools/bin/../lib/gcc/arm-none-eabi/9.3.1/../../../../arm-none-eabi/lib/thumb/v7e-m+fp/hard\libc_nano.a(lib_a-signalr.o)
                0x000000000800d088                _kill_r
 .text._getpid_r
                0x000000000800d0ac        0x4 c:/st/stm32cubeide_1.6.0/stm32cubeide/plugins/com.st.stm32cube.ide.mcu.externaltools.gnu-tools-for-stm32.9-2020-q2-update.win32_1.5.0.202011040924/tools/bin/../lib/gcc/arm-none-eabi/9.3.1/../../../../arm-none-eabi/lib/thumb/v7e-m+fp/hard\libc_nano.a(lib_a-signalr.o)
                0x000000000800d0ac                _getpid_r
 .text.__sread  0x000000000800d0b0       0x22 c:/st/stm32cubeide_1.6.0/stm32cubeide/plugins/com.st.stm32cube.ide.mcu.externaltools.gnu-tools-for-stm32.9-2020-q2-update.win32_1.5.0.202011040924/tools/bin/../lib/gcc/arm-none-eabi/9.3.1/../../../../arm-none-eabi/lib/thumb/v7e-m+fp/hard\libc_nano.a(lib_a-stdio.o)
                0x000000000800d0b0                __sread
 .text.__swrite
                0x000000000800d0d2       0x38 c:/st/stm32cubeide_1.6.0/stm32cubeide/plugins/com.st.stm32cube.ide.mcu.externaltools.gnu-tools-for-stm32.9-2020-q2-update.win32_1.5.0.202011040924/tools/bin/../lib/gcc/arm-none-eabi/9.3.1/../../../../arm-none-eabi/lib/thumb/v7e-m+fp/hard\libc_nano.a(lib_a-stdio.o)
                0x000000000800d0d2                __swrite
 .text.__sseek  0x000000000800d10a       0x24 c:/st/stm32cubeide_1.6.0/stm32cubeide/plugins/com.st.stm32cube.ide.mcu.externaltools.gnu-tools-for-stm32.9-2020-q2-update.win32_1.5.0.202011040924/tools/bin/../lib/gcc/arm-none-eabi/9.3.1/../../../../arm-none-eabi/lib/thumb/v7e-m+fp/hard\libc_nano.a(lib_a-stdio.o)
                0x000000000800d10a                __sseek
 .text.__sclose
                0x000000000800d12e        0x8 c:/st/stm32cubeide_1.6.0/stm32cubeide/plugins/com.st.stm32cube.ide.mcu.externaltools.gnu-tools-for-stm32.9-2020-q2-update.win32_1.5.0.202011040924/tools/bin/../lib/gcc/arm-none-eabi/9.3.1/../../../../arm-none-eabi/lib/thumb/v7e-m+fp/hard\libc_nano.a(lib_a-stdio.o)
                0x000000000800d12e                __sclose
 *fill*         0x000000000800d136        0x2 
 .text._write_r
                0x000000000800d138       0x24 c:/st/stm32cubeide_1.6.0/stm32cubeide/plugins/com.st.stm32cube.ide.mcu.externaltools.gnu-tools-for-stm32.9-2020-q2-update.win32_1.5.0.202011040924/tools/bin/../lib/gcc/arm-none-eabi/9.3.1/../../../../arm-none-eabi/lib/thumb/v7e-m+fp/hard\libc_nano.a(lib_a-writer.o)
                0x000000000800d138                _write_r
 .text._close_r
                0x000000000800d15c       0x20 c:/st/stm32cubeide_1.6.0/stm32cubeide/plugins/com.st.stm32cube.ide.mcu.externaltools.gnu-tools-for-stm32.9-2020-q2-update.win32_1.5.0.202011040924/tools/bin/../lib/gcc/arm-none-eabi/9.3.1/../../../../arm-none-eabi/lib/thumb/v7e-m+fp/hard\libc_nano.a(lib_a-closer.o)
                0x000000000800d15c                _close_r
 .text._fstat_r
                0x000000000800d17c       0x24 c:/st/stm32cubeide_1.6.0/stm32cubeide/plugins/com.st.stm32cube.ide.mcu.externaltools.gnu-tools-for-stm32.9-2020-q2-update.win32_1.5.0.202011040924/tools/bin/../lib/gcc/arm-none-eabi/9.3.1/../../../../arm-none-eabi/lib/thumb/v7e-m+fp/hard\libc_nano.a(lib_a-fstatr.o)
                0x000000000800d17c                _fstat_r
 .text._isatty_r