StopwatchPkg.c:36:6:StopwatchPkg_OMInitializer_Init	8	static
StopwatchPkg.c:41:6:StopwatchPkg_OMInitializer_Cleanup	4	static
StopwatchPkg.c:44:6:StopwatchPkg_initRelations	8	static
StopwatchPkg.c:54:12:StopwatchPkg_startBehavior	16	static
StopwatchPkg.c:64:6:evPress_Init	16	static
StopwatchPkg.c:69:6:evPress_Cleanup	16	static
StopwatchPkg.c:74:11:RiC_Create_evPress	16	static
StopwatchPkg.c:83:6:RiC_Destroy_evPress	16	static
StopwatchPkg.c:94:6:evRealse_Init	16	static
StopwatchPkg.c:99:6:evRealse_Cleanup	16	static
StopwatchPkg.c:104:12:RiC_Create_evRealse	16	static
StopwatchPkg.c:113:6:RiC_Destroy_evRealse	16	static
StopwatchPkg.c:124:6:evStartStop_Init	16	static
StopwatchPkg.c:129:6:evStartStop_Cleanup	16	static
StopwatchPkg.c:134:15:RiC_Create_evStartStop	16	static
StopwatchPkg.c:143:6:RiC_Destroy_evStartStop	16	static
StopwatchPkg.c:154:6:evReset_Init	16	static
StopwatchPkg.c:159:6:evReset_Cleanup	16	static
StopwatchPkg.c:164:11:RiC_Create_evReset	16	static
StopwatchPkg.c:173:6:RiC_Destroy_evReset	16	static
StopwatchPkg.c:184:6:evRelease_Init	16	static
StopwatchPkg.c:189:6:evRelease_Cleanup	16	static
StopwatchPkg.c:194:13:RiC_Create_evRelease	16	static
StopwatchPkg.c:203:6:RiC_Destroy_evRelease	16	static
